Train shape: (10, 400, 800)
Test shape: (10, 400, 60)
[                                                                      ] 0.00%
Norma del vettore g: 20.0
⚠️ Errore numerico: Autovalori troppo piccoli in Sigma. Uso la pseudo-inversa.
Strategy: min_var , portfolio variance: 1.3005326209754308e-05
Norma del vettore g: 20.0
⚠️ Errore numerico: Autovalori troppo piccoli in Sigma. Uso la pseudo-inversa.
Strategy: min_var , portfolio variance: 5.964247172027599e-16
Norma del vettore g: 20.0
Strategy: min_var , portfolio variance: 7.002812176799564e-13
Norma del vettore g: 20.0
Strategy: min_var , portfolio variance: 1.5615099329101947e-06
Norma del vettore g: 20.0
Strategy: min_var , portfolio variance: 2.422303588849494e-05
Norma del vettore g: 20.0
Strategy: min_var , portfolio variance: 0.1113331361742818
Norma del vettore g: 20.0
Strategy: min_var , portfolio variance: 6.418579267058558e-05
Norma del vettore g: 20.0
Strategy: min_var , portfolio variance: 7.03574170551515e-05
Norma del vettore g non è uguale a sqrt(N): 45.58665157226964
Norma del vettore g: 19.999999999999993
⚠️ Errore numerico: Autovalori troppo piccoli in Sigma. Uso la pseudo-inversa.
Strategy: omn     , portfolio variance: 9.280760800166052e-07
Norma del vettore g non è uguale a sqrt(N): 45.58665157226964
Norma del vettore g: 19.999999999999993
⚠️ Errore numerico: Autovalori troppo piccoli in Sigma. Uso la pseudo-inversa.
Strategy: omn     , portfolio variance: 1.3548211687114454e-14
Norma del vettore g non è uguale a sqrt(N): 45.58665157226964
Norma del vettore g: 19.999999999999993
Strategy: omn     , portfolio variance: 2.891976692493567e-10
Norma del vettore g non è uguale a sqrt(N): 45.58665157226964
Norma del vettore g: 19.999999999999993
Strategy: omn     , portfolio variance: 1.951934243130302e-06
Norma del vettore g non è uguale a sqrt(N): 45.58665157226964
Norma del vettore g: 19.999999999999993
Strategy: omn     , portfolio variance: 1.6342157185999077e-06
Norma del vettore g non è uguale a sqrt(N): 45.58665157226964
Norma del vettore g: 19.999999999999993
Strategy: omn     , portfolio variance: 0.002335093267263268
Norma del vettore g non è uguale a sqrt(N): 45.58665157226964
Norma del vettore g: 19.999999999999993
Strategy: omn     , portfolio variance: 2.3350369274663445e-06
Norma del vettore g non è uguale a sqrt(N): 45.58665157226964
Norma del vettore g: 19.999999999999993
Strategy: omn     , portfolio variance: 2.4566797686345996e-06
Norma del vettore g non è uguale a sqrt(N): 45.58665157226964
Norma del vettore g: 19.999999999999993
⚠️ Errore numerico: Autovalori troppo piccoli in Sigma. Uso la pseudo-inversa.
Strategy: mean_rev, portfolio variance: 9.280760800166052e-07
Norma del vettore g non è uguale a sqrt(N): 45.58665157226964
Norma del vettore g: 19.999999999999993
⚠️ Errore numerico: Autovalori troppo piccoli in Sigma. Uso la pseudo-inversa.
Strategy: mean_rev, portfolio variance: 1.3548211687114454e-14
Norma del vettore g non è uguale a sqrt(N): 45.58665157226964
Norma del vettore g: 19.999999999999993
Strategy: mean_rev, portfolio variance: 2.891976692493567e-10
Norma del vettore g non è uguale a sqrt(N): 45.58665157226964
Norma del vettore g: 19.999999999999993
Strategy: mean_rev, portfolio variance: 1.951934243130302e-06
Norma del vettore g non è uguale a sqrt(N): 45.58665157226964
Norma del vettore g: 19.999999999999993
Strategy: mean_rev, portfolio variance: 1.6342157185999077e-06
Norma del vettore g non è uguale a sqrt(N): 45.58665157226964
Norma del vettore g: 19.999999999999993
Strategy: mean_rev, portfolio variance: 0.002335093267263268
Norma del vettore g non è uguale a sqrt(N): 45.58665157226964
Norma del vettore g: 19.999999999999993
Strategy: mean_rev, portfolio variance: 2.3350369274663445e-06
Norma del vettore g non è uguale a sqrt(N): 45.58665157226964
Norma del vettore g: 19.999999999999993
Strategy: mean_rev, portfolio variance: 2.4566797686345996e-06
Norma del vettore g: 20.0
⚠️ Errore numerico: Autovalori troppo piccoli in Sigma. Uso la pseudo-inversa.
Strategy: rnd     , portfolio variance: 2.762685730602067e-15
Norma del vettore g: 20.000000000000007
⚠️ Errore numerico: Autovalori troppo piccoli in Sigma. Uso la pseudo-inversa.
Strategy: rnd     , portfolio variance: 4.0786007224829305e-15
Norma del vettore g: 19.999999999999993
Strategy: rnd     , portfolio variance: 1.795609130491219e-10
Norma del vettore g: 20.000000000000004
Strategy: rnd     , portfolio variance: 1.5862298632736352e-06
Norma del vettore g: 20.0
Strategy: rnd     , portfolio variance: 5.992537878920609e-07
Norma del vettore g: 19.999999999999996
Strategy: rnd     , portfolio variance: 7.785704074148088e-05
Norma del vettore g: 20.000000000000004
Strategy: rnd     , portfolio variance: 5.763900782287636e-15
Norma del vettore g: 20.000000000000004
Strategy: rnd     , portfolio variance: 1.3478765840665282e-14
[=======                                                               ] 11.11%
Norma del vettore g: 20.0
⚠️ Errore numerico: Autovalori troppo piccoli in Sigma. Uso la pseudo-inversa.
Strategy: min_var , portfolio variance: 1.1500862583618775e-05
Norma del vettore g: 20.0
⚠️ Errore numerico: Autovalori troppo piccoli in Sigma. Uso la pseudo-inversa.
Strategy: min_var , portfolio variance: 3.330021723531614e-16
Norma del vettore g: 20.0
Strategy: min_var , portfolio variance: 5.862286120853025e-13
Norma del vettore g: 20.0
Strategy: min_var , portfolio variance: 1.5013109931636174e-06
Norma del vettore g: 20.0
Strategy: min_var , portfolio variance: 2.3555253667959482e-05
Norma del vettore g: 20.0
Strategy: min_var , portfolio variance: 0.1257516151802046
Norma del vettore g: 20.0
Strategy: min_var , portfolio variance: 6.149114493556848e-05
Norma del vettore g: 20.0
Strategy: min_var , portfolio variance: 6.730048534862003e-05
Norma del vettore g non è uguale a sqrt(N): 68.20301092148051
Norma del vettore g: 20.000000000000004
⚠️ Errore numerico: Autovalori troppo piccoli in Sigma. Uso la pseudo-inversa.
Strategy: omn     , portfolio variance: 1.2513969188477233e-06
Norma del vettore g non è uguale a sqrt(N): 68.20301092148051
Norma del vettore g: 20.000000000000004
⚠️ Errore numerico: Autovalori troppo piccoli in Sigma. Uso la pseudo-inversa.
Strategy: omn     , portfolio variance: 5.430211935464204e-16
Norma del vettore g non è uguale a sqrt(N): 68.20301092148051
Norma del vettore g: 20.000000000000004
Strategy: omn     , portfolio variance: 2.7404334702694767e-12
Norma del vettore g non è uguale a sqrt(N): 68.20301092148051
Norma del vettore g: 20.000000000000004
Strategy: omn     , portfolio variance: 2.2100629540975938e-06
Norma del vettore g non è uguale a sqrt(N): 68.20301092148051
Norma del vettore g: 20.000000000000004
Strategy: omn     , portfolio variance: 2.1478275258446712e-06
Norma del vettore g non è uguale a sqrt(N): 68.20301092148051
Norma del vettore g: 20.000000000000004
Strategy: omn     , portfolio variance: 0.002752849814160302
Norma del vettore g non è uguale a sqrt(N): 68.20301092148051
Norma del vettore g: 20.000000000000004
Strategy: omn     , portfolio variance: 2.942138699006285e-06
Norma del vettore g non è uguale a sqrt(N): 68.20301092148051
Norma del vettore g: 20.000000000000004
Strategy: omn     , portfolio variance: 3.1003388416434896e-06
Norma del vettore g non è uguale a sqrt(N): 68.20301092148051
Norma del vettore g: 20.000000000000004
⚠️ Errore numerico: Autovalori troppo piccoli in Sigma. Uso la pseudo-inversa.
Strategy: mean_rev, portfolio variance: 1.2513969188477233e-06
Norma del vettore g non è uguale a sqrt(N): 68.20301092148051
Norma del vettore g: 20.000000000000004
⚠️ Errore numerico: Autovalori troppo piccoli in Sigma. Uso la pseudo-inversa.
Strategy: mean_rev, portfolio variance: 5.430211935464204e-16
Norma del vettore g non è uguale a sqrt(N): 68.20301092148051
Norma del vettore g: 20.000000000000004
Strategy: mean_rev, portfolio variance: 2.7404334702694767e-12
Norma del vettore g non è uguale a sqrt(N): 68.20301092148051
Norma del vettore g: 20.000000000000004
Strategy: mean_rev, portfolio variance: 2.2100629540975938e-06
Norma del vettore g non è uguale a sqrt(N): 68.20301092148051
Norma del vettore g: 20.000000000000004
Strategy: mean_rev, portfolio variance: 2.1478275258446712e-06
Norma del vettore g non è uguale a sqrt(N): 68.20301092148051
Norma del vettore g: 20.000000000000004
Strategy: mean_rev, portfolio variance: 0.002752849814160302
Norma del vettore g non è uguale a sqrt(N): 68.20301092148051
Norma del vettore g: 20.000000000000004
Strategy: mean_rev, portfolio variance: 2.942138699006285e-06
Norma del vettore g non è uguale a sqrt(N): 68.20301092148051
Norma del vettore g: 20.000000000000004
Strategy: mean_rev, portfolio variance: 3.1003388416434896e-06
Norma del vettore g: 20.000000000000007
⚠️ Errore numerico: Autovalori troppo piccoli in Sigma. Uso la pseudo-inversa.
Strategy: rnd     , portfolio variance: 6.172837772620274e-13
Norma del vettore g: 19.999999999999993
⚠️ Errore numerico: Autovalori troppo piccoli in Sigma. Uso la pseudo-inversa.
Strategy: rnd     , portfolio variance: 3.644905631256797e-15
Norma del vettore g: 20.000000000000004
Strategy: rnd     , portfolio variance: 3.3214895292732323e-10
Norma del vettore g: 20.0
Strategy: rnd     , portfolio variance: 1.5477799254308922e-06
Norma del vettore g: 19.999999999999993
Strategy: rnd     , portfolio variance: 6.082773942068043e-07
Norma del vettore g: 20.000000000000004
Strategy: rnd     , portfolio variance: 0.0005247771802510843
Norma del vettore g: 20.000000000000007
Strategy: rnd     , portfolio variance: 1.9190067789985046e-15
Norma del vettore g: 19.999999999999996
Strategy: rnd     , portfolio variance: 1.002560839396314e-13
[===============                                                       ] 22.22%
Kendall covariance matrix not positive definite!
 It may happen!
Norma del vettore g: 20.0
⚠️ Errore numerico: Autovalori troppo piccoli in Sigma. Uso la pseudo-inversa.
Strategy: min_var , portfolio variance: 6.835220549619176e-06
Norma del vettore g: 20.0
⚠️ Errore numerico: Autovalori troppo piccoli in Sigma. Uso la pseudo-inversa.
Strategy: min_var , portfolio variance: 4.540735640056808e-16
Norma del vettore g: 20.0
⚠️ Errore numerico: Autovalori troppo piccoli in Sigma. Uso la pseudo-inversa.
Strategy: min_var , portfolio variance: 2.1979842510354564e-13
Norma del vettore g: 20.0
Strategy: min_var , portfolio variance: 6.34387975302883e-07
Norma del vettore g: 20.0
Strategy: min_var , portfolio variance: 1.166804141509595e-05
Norma del vettore g: 20.0
⚠️ Errore numerico: Autovalori troppo piccoli in Sigma. Uso la pseudo-inversa.
Strategy: min_var , portfolio variance: 5.013551325820729e+26
Norma del vettore g: 20.0
Strategy: min_var , portfolio variance: 2.4632026770767827e-05
Norma del vettore g: 20.0
Strategy: min_var , portfolio variance: 2.6155863943652298e-05
Norma del vettore g non è uguale a sqrt(N): 50.03463497053629
Norma del vettore g: 20.000000000000004
⚠️ Errore numerico: Autovalori troppo piccoli in Sigma. Uso la pseudo-inversa.
Strategy: omn     , portfolio variance: 6.032316266485161e-07
Norma del vettore g non è uguale a sqrt(N): 50.03463497053629
Norma del vettore g: 20.000000000000004
⚠️ Errore numerico: Autovalori troppo piccoli in Sigma. Uso la pseudo-inversa.
Strategy: omn     , portfolio variance: 5.701073031897152e-16
Norma del vettore g non è uguale a sqrt(N): 50.03463497053629
Norma del vettore g: 20.000000000000004
⚠️ Errore numerico: Autovalori troppo piccoli in Sigma. Uso la pseudo-inversa.
Strategy: omn     , portfolio variance: 1.1160812220260986e-12
Norma del vettore g non è uguale a sqrt(N): 50.03463497053629
Norma del vettore g: 20.000000000000004
Strategy: omn     , portfolio variance: 8.79671384038843e-07
Norma del vettore g non è uguale a sqrt(N): 50.03463497053629
Norma del vettore g: 20.000000000000004
Strategy: omn     , portfolio variance: 8.702652279053608e-07
Norma del vettore g non è uguale a sqrt(N): 50.03463497053629
Norma del vettore g: 20.000000000000004
⚠️ Errore numerico: Autovalori troppo piccoli in Sigma. Uso la pseudo-inversa.
Strategy: omn     , portfolio variance: 1.8917070107126645e-09
Norma del vettore g non è uguale a sqrt(N): 50.03463497053629
Norma del vettore g: 20.000000000000004
Strategy: omn     , portfolio variance: 1.1375887355088659e-06
Norma del vettore g non è uguale a sqrt(N): 50.03463497053629
Norma del vettore g: 20.000000000000004
Strategy: omn     , portfolio variance: 1.1720008047214812e-06
Norma del vettore g non è uguale a sqrt(N): 50.03463497053629
Norma del vettore g: 20.000000000000004
⚠️ Errore numerico: Autovalori troppo piccoli in Sigma. Uso la pseudo-inversa.
Strategy: mean_rev, portfolio variance: 6.032316266485161e-07
Norma del vettore g non è uguale a sqrt(N): 50.03463497053629
Norma del vettore g: 20.000000000000004
⚠️ Errore numerico: Autovalori troppo piccoli in Sigma. Uso la pseudo-inversa.
Strategy: mean_rev, portfolio variance: 5.701073031897152e-16
Norma del vettore g non è uguale a sqrt(N): 50.03463497053629
Norma del vettore g: 20.000000000000004
⚠️ Errore numerico: Autovalori troppo piccoli in Sigma. Uso la pseudo-inversa.
Strategy: mean_rev, portfolio variance: 1.1160812220260986e-12
Norma del vettore g non è uguale a sqrt(N): 50.03463497053629
Norma del vettore g: 20.000000000000004
Strategy: mean_rev, portfolio variance: 8.79671384038843e-07
Norma del vettore g non è uguale a sqrt(N): 50.03463497053629
Norma del vettore g: 20.000000000000004
Strategy: mean_rev, portfolio variance: 8.702652279053608e-07
Norma del vettore g non è uguale a sqrt(N): 50.03463497053629
Norma del vettore g: 20.000000000000004
⚠️ Errore numerico: Autovalori troppo piccoli in Sigma. Uso la pseudo-inversa.
Strategy: mean_rev, portfolio variance: 1.8917070107126645e-09
Norma del vettore g non è uguale a sqrt(N): 50.03463497053629
Norma del vettore g: 20.000000000000004
Strategy: mean_rev, portfolio variance: 1.1375887355088659e-06
Norma del vettore g non è uguale a sqrt(N): 50.03463497053629
Norma del vettore g: 20.000000000000004
Strategy: mean_rev, portfolio variance: 1.1720008047214812e-06
Norma del vettore g: 20.000000000000004
⚠️ Errore numerico: Autovalori troppo piccoli in Sigma. Uso la pseudo-inversa.
Strategy: rnd     , portfolio variance: 5.288704560521049e-16
Norma del vettore g: 19.999999999999996
⚠️ Errore numerico: Autovalori troppo piccoli in Sigma. Uso la pseudo-inversa.
Strategy: rnd     , portfolio variance: 1.3046028340614415e-15
Norma del vettore g: 19.999999999999993
⚠️ Errore numerico: Autovalori troppo piccoli in Sigma. Uso la pseudo-inversa.
Strategy: rnd     , portfolio variance: 2.7839190429503074e-10
Norma del vettore g: 20.000000000000004
Strategy: rnd     , portfolio variance: 6.623059970037934e-07
Norma del vettore g: 19.999999999999996
Strategy: rnd     , portfolio variance: 2.3982927368768255e-07
Norma del vettore g: 20.000000000000004
⚠️ Errore numerico: Autovalori troppo piccoli in Sigma. Uso la pseudo-inversa.
Strategy: rnd     , portfolio variance: -1.0349448060376931e-31
Norma del vettore g: 20.0
Strategy: rnd     , portfolio variance: 6.594552455945191e-15
Norma del vettore g: 20.000000000000004
Strategy: rnd     , portfolio variance: 2.2969572919104076e-15
[=======================                                               ] 33.33%
Norma del vettore g: 20.0
Strategy: min_var , portfolio variance: 6.872598726162604e-06
Norma del vettore g: 20.0
⚠️ Errore numerico: Autovalori troppo piccoli in Sigma. Uso la pseudo-inversa.
Strategy: min_var , portfolio variance: 2.20328273015532e-13
Norma del vettore g: 20.0
⚠️ Errore numerico: Autovalori troppo piccoli in Sigma. Uso la pseudo-inversa.
Strategy: min_var , portfolio variance: 2.206399214977793e-13
Norma del vettore g: 20.0
Strategy: min_var , portfolio variance: 5.393537602229831e-07
Norma del vettore g: 20.0
Strategy: min_var , portfolio variance: 1.1279063641188055e-05
Norma del vettore g: 20.0
Strategy: min_var , portfolio variance: 0.11458519429968134
Norma del vettore g: 20.0
Strategy: min_var , portfolio variance: 2.3037042223118332e-05
Norma del vettore g: 20.0
Strategy: min_var , portfolio variance: 2.478276726915953e-05
Norma del vettore g non è uguale a sqrt(N): 58.36842273768455
Norma del vettore g: 20.000000000000004
Strategy: omn     , portfolio variance: 1.0809409307366088e-06
Norma del vettore g non è uguale a sqrt(N): 58.36842273768455
Norma del vettore g: 20.000000000000004
⚠️ Errore numerico: Autovalori troppo piccoli in Sigma. Uso la pseudo-inversa.
Strategy: omn     , portfolio variance: 1.1680157085775154e-12
Norma del vettore g non è uguale a sqrt(N): 58.36842273768455
Norma del vettore g: 20.000000000000004
⚠️ Errore numerico: Autovalori troppo piccoli in Sigma. Uso la pseudo-inversa.
Strategy: omn     , portfolio variance: 1.1644574150222023e-12
Norma del vettore g non è uguale a sqrt(N): 58.36842273768455
Norma del vettore g: 20.000000000000004
Strategy: omn     , portfolio variance: 8.463908326462572e-07
Norma del vettore g non è uguale a sqrt(N): 58.36842273768455
Norma del vettore g: 20.000000000000004
Strategy: omn     , portfolio variance: 1.5940781753318932e-06
Norma del vettore g non è uguale a sqrt(N): 58.36842273768455
Norma del vettore g: 20.000000000000004
Strategy: omn     , portfolio variance: 0.0043800560783737365
Norma del vettore g non è uguale a sqrt(N): 58.36842273768455
Norma del vettore g: 20.000000000000004
Strategy: omn     , portfolio variance: 2.3797075626126534e-06
Norma del vettore g non è uguale a sqrt(N): 58.36842273768455
Norma del vettore g: 20.000000000000004
Strategy: omn     , portfolio variance: 2.630435729757549e-06
Norma del vettore g non è uguale a sqrt(N): 58.36842273768455
Norma del vettore g: 20.000000000000004
Strategy: mean_rev, portfolio variance: 1.0809409307366088e-06
Norma del vettore g non è uguale a sqrt(N): 58.36842273768455
Norma del vettore g: 20.000000000000004
⚠️ Errore numerico: Autovalori troppo piccoli in Sigma. Uso la pseudo-inversa.
Strategy: mean_rev, portfolio variance: 1.1680157085775154e-12
Norma del vettore g non è uguale a sqrt(N): 58.36842273768455
Norma del vettore g: 20.000000000000004
⚠️ Errore numerico: Autovalori troppo piccoli in Sigma. Uso la pseudo-inversa.
Strategy: mean_rev, portfolio variance: 1.1644574150222023e-12
Norma del vettore g non è uguale a sqrt(N): 58.36842273768455
Norma del vettore g: 20.000000000000004
Strategy: mean_rev, portfolio variance: 8.463908326462572e-07
Norma del vettore g non è uguale a sqrt(N): 58.36842273768455
Norma del vettore g: 20.000000000000004
Strategy: mean_rev, portfolio variance: 1.5940781753318932e-06
Norma del vettore g non è uguale a sqrt(N): 58.36842273768455
Norma del vettore g: 20.000000000000004
Strategy: mean_rev, portfolio variance: 0.0043800560783737365
Norma del vettore g non è uguale a sqrt(N): 58.36842273768455
Norma del vettore g: 20.000000000000004
Strategy: mean_rev, portfolio variance: 2.3797075626126534e-06
Norma del vettore g non è uguale a sqrt(N): 58.36842273768455
Norma del vettore g: 20.000000000000004
Strategy: mean_rev, portfolio variance: 2.630435729757549e-06
Norma del vettore g: 20.00000000000001
Strategy: rnd     , portfolio variance: 6.588069917047676e-08
Norma del vettore g: 19.999999999999996
⚠️ Errore numerico: Autovalori troppo piccoli in Sigma. Uso la pseudo-inversa.
Strategy: rnd     , portfolio variance: 1.1175037467650646e-07
Norma del vettore g: 20.0
⚠️ Errore numerico: Autovalori troppo piccoli in Sigma. Uso la pseudo-inversa.
Strategy: rnd     , portfolio variance: 7.432882933517041e-10
Norma del vettore g: 20.0
Strategy: rnd     , portfolio variance: 5.241989775976364e-07
Norma del vettore g: 20.0
Strategy: rnd     , portfolio variance: 2.0398534730847158e-07
Norma del vettore g: 20.0
Strategy: rnd     , portfolio variance: 0.0012725899776121373
Norma del vettore g: 20.0
Strategy: rnd     , portfolio variance: 1.604525064761481e-07
Norma del vettore g: 19.999999999999993
Strategy: rnd     , portfolio variance: 2.2336699343630267e-07
[===============================                                       ] 44.44%
Norma del vettore g: 20.0
Strategy: min_var , portfolio variance: 8.697045115231732e-06
Norma del vettore g: 20.0
Strategy: min_var , portfolio variance: 3.445133294329964e-13
Norma del vettore g: 20.0
Strategy: min_var , portfolio variance: 3.5135853738565116e-13
Norma del vettore g: 20.0
Strategy: min_var , portfolio variance: 4.531052209063973e-07
Norma del vettore g: 20.0
Strategy: min_var , portfolio variance: 1.3326901508516324e-05
Norma del vettore g: 20.0
Strategy: min_var , portfolio variance: 0.09387980245134184
Norma del vettore g: 20.0
Strategy: min_var , portfolio variance: 2.732838313717303e-05
Norma del vettore g: 20.0
Strategy: min_var , portfolio variance: 2.928518421032754e-05
Norma del vettore g non è uguale a sqrt(N): 53.46099226889841
Norma del vettore g: 20.000000000000004
Strategy: omn     , portfolio variance: 6.829999064079649e-07
Norma del vettore g non è uguale a sqrt(N): 53.46099226889841
Norma del vettore g: 20.000000000000004
Strategy: omn     , portfolio variance: 1.0315042205895384e-12
Norma del vettore g non è uguale a sqrt(N): 53.46099226889841
Norma del vettore g: 20.000000000000004
Strategy: omn     , portfolio variance: 1.0516805754859671e-12
Norma del vettore g non è uguale a sqrt(N): 53.46099226889841
Norma del vettore g: 20.000000000000004
Strategy: omn     , portfolio variance: 6.912944056145408e-07
Norma del vettore g non è uguale a sqrt(N): 53.46099226889841
Norma del vettore g: 20.000000000000004
Strategy: omn     , portfolio variance: 1.000474996309889e-06
Norma del vettore g non è uguale a sqrt(N): 53.46099226889841
Norma del vettore g: 20.000000000000004
Strategy: omn     , portfolio variance: 0.003361575441904396
Norma del vettore g non è uguale a sqrt(N): 53.46099226889841
Norma del vettore g: 20.000000000000004
Strategy: omn     , portfolio variance: 1.3780192470787603e-06
Norma del vettore g non è uguale a sqrt(N): 53.46099226889841
Norma del vettore g: 20.000000000000004
Strategy: omn     , portfolio variance: 1.4824918047097066e-06
Norma del vettore g non è uguale a sqrt(N): 53.46099226889841
Norma del vettore g: 20.000000000000004
Strategy: mean_rev, portfolio variance: 6.829999064079649e-07
Norma del vettore g non è uguale a sqrt(N): 53.46099226889841
Norma del vettore g: 20.000000000000004
Strategy: mean_rev, portfolio variance: 1.0315042205895384e-12
Norma del vettore g non è uguale a sqrt(N): 53.46099226889841
Norma del vettore g: 20.000000000000004
Strategy: mean_rev, portfolio variance: 1.0516805754859671e-12
Norma del vettore g non è uguale a sqrt(N): 53.46099226889841
Norma del vettore g: 20.000000000000004
Strategy: mean_rev, portfolio variance: 6.912944056145408e-07
Norma del vettore g non è uguale a sqrt(N): 53.46099226889841
Norma del vettore g: 20.000000000000004
Strategy: mean_rev, portfolio variance: 1.000474996309889e-06
Norma del vettore g non è uguale a sqrt(N): 53.46099226889841
Norma del vettore g: 20.000000000000004
Strategy: mean_rev, portfolio variance: 0.003361575441904396
Norma del vettore g non è uguale a sqrt(N): 53.46099226889841
Norma del vettore g: 20.000000000000004
Strategy: mean_rev, portfolio variance: 1.3780192470787603e-06
Norma del vettore g non è uguale a sqrt(N): 53.46099226889841
Norma del vettore g: 20.000000000000004
Strategy: mean_rev, portfolio variance: 1.4824918047097066e-06
Norma del vettore g: 20.000000000000004
Strategy: rnd     , portfolio variance: 7.115405478976288e-08
Norma del vettore g: 20.0
Strategy: rnd     , portfolio variance: 1.39038974525069e-10
Norma del vettore g: 20.0
Strategy: rnd     , portfolio variance: 1.1484059243291828e-10
Norma del vettore g: 20.000000000000004
Strategy: rnd     , portfolio variance: 4.654994164516977e-07
Norma del vettore g: 20.0
Strategy: rnd     , portfolio variance: 1.6500922851238757e-07
Norma del vettore g: 20.000000000000007
Strategy: rnd     , portfolio variance: 0.0011912799843656985
Norma del vettore g: 20.000000000000004
Strategy: rnd     , portfolio variance: 1.8115791038244343e-07
Norma del vettore g: 20.000000000000004
Strategy: rnd     , portfolio variance: 1.4691867270733153e-07
[======================================                                ] 55.56%
Norma del vettore g: 20.0
Strategy: min_var , portfolio variance: 9.05225359493292e-06
Norma del vettore g: 20.0
Strategy: min_var , portfolio variance: 5.50295713582616e-13
Norma del vettore g: 20.0
Strategy: min_var , portfolio variance: 5.644965642666959e-13
Norma del vettore g: 20.0
Strategy: min_var , portfolio variance: 4.4963510362258697e-07
Norma del vettore g: 20.0
Strategy: min_var , portfolio variance: 1.372818196336144e-05
Norma del vettore g: 20.0
Strategy: min_var , portfolio variance: 0.08603859425803803
Norma del vettore g: 20.0
Strategy: min_var , portfolio variance: 2.746688357900783e-05
Norma del vettore g: 20.0
Strategy: min_var , portfolio variance: 2.9937516744331923e-05
Norma del vettore g non è uguale a sqrt(N): 43.56036009741698
Norma del vettore g: 19.999999999999996
Strategy: omn     , portfolio variance: 5.975357688771049e-07
Norma del vettore g non è uguale a sqrt(N): 43.56036009741698
Norma del vettore g: 19.999999999999996
Strategy: omn     , portfolio variance: 3.3783890781299044e-12
Norma del vettore g non è uguale a sqrt(N): 43.56036009741698
Norma del vettore g: 19.999999999999996
Strategy: omn     , portfolio variance: 3.439927181861964e-12
Norma del vettore g non è uguale a sqrt(N): 43.56036009741698
Norma del vettore g: 19.999999999999996
Strategy: omn     , portfolio variance: 5.879049727712158e-07
Norma del vettore g non è uguale a sqrt(N): 43.56036009741698
Norma del vettore g: 19.999999999999996
Strategy: omn     , portfolio variance: 8.39145537407136e-07
Norma del vettore g non è uguale a sqrt(N): 43.56036009741698
Norma del vettore g: 19.999999999999996
Strategy: omn     , portfolio variance: 0.0031384904688640117
Norma del vettore g non è uguale a sqrt(N): 43.56036009741698
Norma del vettore g: 19.999999999999996
Strategy: omn     , portfolio variance: 1.3854535999444786e-06
Norma del vettore g non è uguale a sqrt(N): 43.56036009741698
Norma del vettore g: 19.999999999999996
Strategy: omn     , portfolio variance: 1.365513315527184e-06
Norma del vettore g non è uguale a sqrt(N): 43.56036009741698
Norma del vettore g: 19.999999999999996
Strategy: mean_rev, portfolio variance: 5.975357688771049e-07
Norma del vettore g non è uguale a sqrt(N): 43.56036009741698
Norma del vettore g: 19.999999999999996
Strategy: mean_rev, portfolio variance: 3.3783890781299044e-12
Norma del vettore g non è uguale a sqrt(N): 43.56036009741698
Norma del vettore g: 19.999999999999996
Strategy: mean_rev, portfolio variance: 3.439927181861964e-12
Norma del vettore g non è uguale a sqrt(N): 43.56036009741698
Norma del vettore g: 19.999999999999996
Strategy: mean_rev, portfolio variance: 5.879049727712158e-07
Norma del vettore g non è uguale a sqrt(N): 43.56036009741698
Norma del vettore g: 19.999999999999996
Strategy: mean_rev, portfolio variance: 8.39145537407136e-07
Norma del vettore g non è uguale a sqrt(N): 43.56036009741698
Norma del vettore g: 19.999999999999996
Strategy: mean_rev, portfolio variance: 0.0031384904688640117
Norma del vettore g non è uguale a sqrt(N): 43.56036009741698
Norma del vettore g: 19.999999999999996
Strategy: mean_rev, portfolio variance: 1.3854535999444786e-06
Norma del vettore g non è uguale a sqrt(N): 43.56036009741698
Norma del vettore g: 19.999999999999996
Strategy: mean_rev, portfolio variance: 1.365513315527184e-06
Norma del vettore g: 20.0
Strategy: rnd     , portfolio variance: 6.903321919213074e-08
Norma del vettore g: 20.000000000000007
Strategy: rnd     , portfolio variance: 1.1105163846083754e-09
Norma del vettore g: 20.000000000000004
Strategy: rnd     , portfolio variance: 1.373926806185699e-10
Norma del vettore g: 19.999999999999996
Strategy: rnd     , portfolio variance: 4.485835257563265e-07
Norma del vettore g: 20.000000000000004
Strategy: rnd     , portfolio variance: 1.6756922903165692e-07
Norma del vettore g: 20.000000000000004
Strategy: rnd     , portfolio variance: 0.001191294464282562
Norma del vettore g: 20.000000000000007
Strategy: rnd     , portfolio variance: 1.7322780102484315e-07
Norma del vettore g: 20.000000000000014
Strategy: rnd     , portfolio variance: 1.506125402385003e-07
[==============================================                        ] 66.67%
Norma del vettore g: 20.0
Strategy: min_var , portfolio variance: 8.76587259207271e-06
Norma del vettore g: 20.0
Strategy: min_var , portfolio variance: 8.59218877748239e-13
Norma del vettore g: 20.0
Strategy: min_var , portfolio variance: 8.71351759025382e-13
Norma del vettore g: 20.0
Strategy: min_var , portfolio variance: 4.697441456536433e-07
Norma del vettore g: 20.0
Strategy: min_var , portfolio variance: 1.2776028677021455e-05
Norma del vettore g: 20.0
Strategy: min_var , portfolio variance: 0.07388870311487092
Norma del vettore g: 20.0
Strategy: min_var , portfolio variance: 2.9900624994551953e-05
Norma del vettore g: 20.0
Strategy: min_var , portfolio variance: 3.106011606128045e-05
Norma del vettore g non è uguale a sqrt(N): 40.63297895954782
Norma del vettore g: 20.0
Strategy: omn     , portfolio variance: 5.024591412068205e-07
Norma del vettore g non è uguale a sqrt(N): 40.63297895954782
Norma del vettore g: 20.0
Strategy: omn     , portfolio variance: 1.7478430138727985e-10
Norma del vettore g non è uguale a sqrt(N): 40.63297895954782
Norma del vettore g: 20.0
Strategy: omn     , portfolio variance: 1.8322173930034103e-10
Norma del vettore g non è uguale a sqrt(N): 40.63297895954782
Norma del vettore g: 20.0
Strategy: omn     , portfolio variance: 6.512239285920724e-07
Norma del vettore g non è uguale a sqrt(N): 40.63297895954782
Norma del vettore g: 20.0
Strategy: omn     , portfolio variance: 6.922522889708906e-07
Norma del vettore g non è uguale a sqrt(N): 40.63297895954782
Norma del vettore g: 20.0
Strategy: omn     , portfolio variance: 0.0026438008251375308
Norma del vettore g non è uguale a sqrt(N): 40.63297895954782
Norma del vettore g: 20.0
Strategy: omn     , portfolio variance: 1.0561037005826717e-06
Norma del vettore g non è uguale a sqrt(N): 40.63297895954782
Norma del vettore g: 20.0
Strategy: omn     , portfolio variance: 1.101276433315867e-06
Norma del vettore g non è uguale a sqrt(N): 40.63297895954782
Norma del vettore g: 20.0
Strategy: mean_rev, portfolio variance: 5.024591412068205e-07
Norma del vettore g non è uguale a sqrt(N): 40.63297895954782
Norma del vettore g: 20.0
Strategy: mean_rev, portfolio variance: 1.7478430138727985e-10
Norma del vettore g non è uguale a sqrt(N): 40.63297895954782
Norma del vettore g: 20.0
Strategy: mean_rev, portfolio variance: 1.8322173930034103e-10
Norma del vettore g non è uguale a sqrt(N): 40.63297895954782
Norma del vettore g: 20.0
Strategy: mean_rev, portfolio variance: 6.512239285920724e-07
Norma del vettore g non è uguale a sqrt(N): 40.63297895954782
Norma del vettore g: 20.0
Strategy: mean_rev, portfolio variance: 6.922522889708906e-07
Norma del vettore g non è uguale a sqrt(N): 40.63297895954782
Norma del vettore g: 20.0
Strategy: mean_rev, portfolio variance: 0.0026438008251375308
Norma del vettore g non è uguale a sqrt(N): 40.63297895954782
Norma del vettore g: 20.0
Strategy: mean_rev, portfolio variance: 1.0561037005826717e-06
Norma del vettore g non è uguale a sqrt(N): 40.63297895954782
Norma del vettore g: 20.0
Strategy: mean_rev, portfolio variance: 1.101276433315867e-06
Norma del vettore g: 19.999999999999996
Strategy: rnd     , portfolio variance: 7.308228743580618e-08
Norma del vettore g: 19.999999999999996
Strategy: rnd     , portfolio variance: 6.803651569377247e-10
Norma del vettore g: 20.0
Strategy: rnd     , portfolio variance: 1.1307946009188279e-09
Norma del vettore g: 20.000000000000004
Strategy: rnd     , portfolio variance: 4.665839118855239e-07
Norma del vettore g: 20.000000000000004
Strategy: rnd     , portfolio variance: 1.7886353710259093e-07
Norma del vettore g: 20.000000000000007
Strategy: rnd     , portfolio variance: 0.0012085884940962088
Norma del vettore g: 20.0
Strategy: rnd     , portfolio variance: 1.57404224919021e-07
Norma del vettore g: 20.000000000000004
Strategy: rnd     , portfolio variance: 1.4882833181821437e-07
[======================================================                ] 77.78%
Norma del vettore g: 20.0
Strategy: min_var , portfolio variance: 1.78986042059607e-05
Norma del vettore g: 20.0
Strategy: min_var , portfolio variance: 5.704387981828593e-13
Norma del vettore g: 20.0
Strategy: min_var , portfolio variance: 5.943913832393581e-13
Norma del vettore g: 20.0
Strategy: min_var , portfolio variance: 1.111732983632998e-06
Norma del vettore g: 20.0
Strategy: min_var , portfolio variance: 3.0928310354086505e-05
Norma del vettore g: 20.0
Strategy: min_var , portfolio variance: 0.09049647339695294
Norma del vettore g: 20.0
Strategy: min_var , portfolio variance: 7.470383297612503e-05
Norma del vettore g: 20.0
Strategy: min_var , portfolio variance: 7.723561098111366e-05
Norma del vettore g non è uguale a sqrt(N): 53.741865527996815
Norma del vettore g: 19.999999999999996
Strategy: omn     , portfolio variance: 8.396265723230806e-07
Norma del vettore g non è uguale a sqrt(N): 53.741865527996815
Norma del vettore g: 19.999999999999996
Strategy: omn     , portfolio variance: 3.488821940296407e-12
Norma del vettore g non è uguale a sqrt(N): 53.741865527996815
Norma del vettore g: 19.999999999999996
Strategy: omn     , portfolio variance: 3.5896424524195367e-12
Norma del vettore g non è uguale a sqrt(N): 53.741865527996815
Norma del vettore g: 19.999999999999996
Strategy: omn     , portfolio variance: 1.5275859197423247e-06
Norma del vettore g non è uguale a sqrt(N): 53.741865527996815
Norma del vettore g: 19.999999999999996
Strategy: omn     , portfolio variance: 1.4173842995635184e-06
Norma del vettore g non è uguale a sqrt(N): 53.741865527996815
Norma del vettore g: 19.999999999999996
Strategy: omn     , portfolio variance: 0.0030260829397544655
Norma del vettore g non è uguale a sqrt(N): 53.741865527996815
Norma del vettore g: 19.999999999999996
Strategy: omn     , portfolio variance: 2.504883037351471e-06
Norma del vettore g non è uguale a sqrt(N): 53.741865527996815
Norma del vettore g: 19.999999999999996
Strategy: omn     , portfolio variance: 2.497959155625968e-06
Norma del vettore g non è uguale a sqrt(N): 53.741865527996815
Norma del vettore g: 19.999999999999996
Strategy: mean_rev, portfolio variance: 8.396265723230806e-07
Norma del vettore g non è uguale a sqrt(N): 53.741865527996815
Norma del vettore g: 19.999999999999996
Strategy: mean_rev, portfolio variance: 3.488821940296407e-12
Norma del vettore g non è uguale a sqrt(N): 53.741865527996815
Norma del vettore g: 19.999999999999996
Strategy: mean_rev, portfolio variance: 3.5896424524195367e-12
Norma del vettore g non è uguale a sqrt(N): 53.741865527996815
Norma del vettore g: 19.999999999999996
Strategy: mean_rev, portfolio variance: 1.5275859197423247e-06
Norma del vettore g non è uguale a sqrt(N): 53.741865527996815
Norma del vettore g: 19.999999999999996
Strategy: mean_rev, portfolio variance: 1.4173842995635184e-06
Norma del vettore g non è uguale a sqrt(N): 53.741865527996815
Norma del vettore g: 19.999999999999996
Strategy: mean_rev, portfolio variance: 0.0030260829397544655
Norma del vettore g non è uguale a sqrt(N): 53.741865527996815
Norma del vettore g: 19.999999999999996
Strategy: mean_rev, portfolio variance: 2.504883037351471e-06
Norma del vettore g non è uguale a sqrt(N): 53.741865527996815
Norma del vettore g: 19.999999999999996
Strategy: mean_rev, portfolio variance: 2.497959155625968e-06
Norma del vettore g: 19.999999999999993
Strategy: rnd     , portfolio variance: 8.430737910984682e-08
Norma del vettore g: 20.000000000000007
Strategy: rnd     , portfolio variance: 9.850074249632341e-11
Norma del vettore g: 20.0
Strategy: rnd     , portfolio variance: 1.4536642241138572e-09
Norma del vettore g: 19.999999999999993
Strategy: rnd     , portfolio variance: 1.085962206004128e-06
Norma del vettore g: 20.0
Strategy: rnd     , portfolio variance: 3.123591576086801e-07
Norma del vettore g: 20.000000000000004
Strategy: rnd     , portfolio variance: 0.001121718273352678
Norma del vettore g: 20.0
Strategy: rnd     , portfolio variance: 3.1604555080029365e-07
Norma del vettore g: 19.999999999999993
Strategy: rnd     , portfolio variance: 2.594836415819852e-07
[==============================================================        ] 88.89%
Norma del vettore g: 20.0
Strategy: min_var , portfolio variance: 1.9113949016398105e-05
Norma del vettore g: 20.0
Strategy: min_var , portfolio variance: 5.915859574299691e-13
Norma del vettore g: 20.0
Strategy: min_var , portfolio variance: 6.259747023588245e-13
Norma del vettore g: 20.0
Strategy: min_var , portfolio variance: 1.2414608726671522e-06
Norma del vettore g: 20.0
Strategy: min_var , portfolio variance: 3.450050166074081e-05
Norma del vettore g: 20.0
Strategy: min_var , portfolio variance: 0.10846027988731118
Norma del vettore g: 20.0
Strategy: min_var , portfolio variance: 7.879720880323635e-05
Norma del vettore g: 20.0
Strategy: min_var , portfolio variance: 8.25977627414441e-05
Norma del vettore g non è uguale a sqrt(N): 46.56785538040787
Norma del vettore g: 20.0
Strategy: omn     , portfolio variance: 7.150019160197297e-07
Norma del vettore g non è uguale a sqrt(N): 46.56785538040787
Norma del vettore g: 20.0
Strategy: omn     , portfolio variance: 6.652883199859564e-11
Norma del vettore g non è uguale a sqrt(N): 46.56785538040787
Norma del vettore g: 20.0
Strategy: omn     , portfolio variance: 7.243990572083662e-11
Norma del vettore g non è uguale a sqrt(N): 46.56785538040787
Norma del vettore g: 20.0
Strategy: omn     , portfolio variance: 1.7001117176802016e-06
Norma del vettore g non è uguale a sqrt(N): 46.56785538040787
Norma del vettore g: 20.0
Strategy: omn     , portfolio variance: 1.2403541397001318e-06
Norma del vettore g non è uguale a sqrt(N): 46.56785538040787
Norma del vettore g: 20.0
Strategy: omn     , portfolio variance: 0.0022956483778935888
Norma del vettore g non è uguale a sqrt(N): 46.56785538040787
Norma del vettore g: 20.0
Strategy: omn     , portfolio variance: 1.864698321077198e-06
Norma del vettore g non è uguale a sqrt(N): 46.56785538040787
Norma del vettore g: 20.0
Strategy: omn     , portfolio variance: 1.9163385489382036e-06
Norma del vettore g non è uguale a sqrt(N): 46.56785538040787
Norma del vettore g: 20.0
Strategy: mean_rev, portfolio variance: 7.150019160197297e-07
Norma del vettore g non è uguale a sqrt(N): 46.56785538040787
Norma del vettore g: 20.0
Strategy: mean_rev, portfolio variance: 6.652883199859564e-11
Norma del vettore g non è uguale a sqrt(N): 46.56785538040787
Norma del vettore g: 20.0
Strategy: mean_rev, portfolio variance: 7.243990572083662e-11
Norma del vettore g non è uguale a sqrt(N): 46.56785538040787
Norma del vettore g: 20.0
Strategy: mean_rev, portfolio variance: 1.7001117176802016e-06
Norma del vettore g non è uguale a sqrt(N): 46.56785538040787
Norma del vettore g: 20.0
Strategy: mean_rev, portfolio variance: 1.2403541397001318e-06
Norma del vettore g non è uguale a sqrt(N): 46.56785538040787
Norma del vettore g: 20.0
Strategy: mean_rev, portfolio variance: 0.0022956483778935888
Norma del vettore g non è uguale a sqrt(N): 46.56785538040787
Norma del vettore g: 20.0
Strategy: mean_rev, portfolio variance: 1.864698321077198e-06
Norma del vettore g non è uguale a sqrt(N): 46.56785538040787
Norma del vettore g: 20.0
Strategy: mean_rev, portfolio variance: 1.9163385489382036e-06
Norma del vettore g: 19.999999999999993
Strategy: rnd     , portfolio variance: 1.1194379110375697e-07
Norma del vettore g: 20.000000000000004
Strategy: rnd     , portfolio variance: 4.9533715998882565e-11
Norma del vettore g: 20.000000000000004
Strategy: rnd     , portfolio variance: 4.481479031406343e-11
Norma del vettore g: 20.000000000000004
Strategy: rnd     , portfolio variance: 1.28010093176601e-06
Norma del vettore g: 20.000000000000004
Strategy: rnd     , portfolio variance: 3.3881059404073544e-07
Norma del vettore g: 20.000000000000004
Strategy: rnd     , portfolio variance: 0.0010115099898270652
Norma del vettore g: 20.000000000000004
Strategy: rnd     , portfolio variance: 2.6054090236971116e-07
Norma del vettore g: 19.999999999999996
Strategy: rnd     , portfolio variance: 3.586772211403126e-07

SUMMARY STATISTICS OVER ROLLING WINDOWS

STRATEGY |  METHOD |  MEAN VARIANCE       |  CV%
---------------------------------------------------
min_var  | Sample  | 3.93e-01 +/- 1.1e-01 | 27.8
min_var  | Rie     | 5.61e-01 +/- 3.2e-01 | 56.2
min_var  | IW      | 3.61e-01 +/- 7.3e-02 | 20.2
min_var  | Clipped | 3.50e-01 +/- 7.5e-02 | 21.5
min_var  | Shrunk  | 2.98e-01 +/- 9.1e-02 | 30.6
min_var  | Kendall | 4.26e+25 +/- 1.3e+26 | 300.0
min_var  | TMFG    | 2.89e-01 +/- 8.2e-02 | 28.5
min_var  | TMFG_MI | 2.95e-01 +/- 7.7e-02 | 26.1
---------------------------------------------------
omn      | Sample  | 9.06e-03 +/- 2.5e-03 | 27.6
omn      | Rie     | 8.29e+00 +/- 1.3e+01 | 158.0
omn      | IW      | 2.04e+01 +/- 4.3e+01 | 208.7
omn      | Clipped | 1.10e-01 +/- 8.1e-02 | 73.5
omn      | Shrunk  | 4.19e-03 +/- 1.4e-03 | 34.4
omn      | Kendall | 9.41e+00 +/- 2.8e+01 | 299.9
omn      | TMFG    | 4.98e-03 +/- 1.2e-03 | 24.8
omn      | TMFG_MI | 5.16e-03 +/- 1.9e-03 | 36.8
---------------------------------------------------
mean_rev | Sample  | 9.06e-03 +/- 2.5e-03 | 27.6
mean_rev | Rie     | 8.29e+00 +/- 1.3e+01 | 158.0
mean_rev | IW      | 2.04e+01 +/- 4.3e+01 | 208.7
mean_rev | Clipped | 1.10e-01 +/- 8.1e-02 | 73.5
mean_rev | Shrunk  | 4.19e-03 +/- 1.4e-03 | 34.4
mean_rev | Kendall | 9.41e+00 +/- 2.8e+01 | 299.9
mean_rev | TMFG    | 4.98e-03 +/- 1.2e-03 | 24.8
mean_rev | TMFG_MI | 5.16e-03 +/- 1.9e-03 | 36.8
---------------------------------------------------
rnd      | Sample  | 2.53e-03 +/- 3.7e-03 | 144.5
rnd      | Rie     | 1.55e+02 +/- 2.9e+02 | 185.2
rnd      | IW      | 3.56e+02 +/- 3.9e+02 | 110.6
rnd      | Clipped | 3.20e-03 +/- 9.1e-04 | 28.3
rnd      | Shrunk  | 1.31e-03 +/- 2.7e-04 | 20.8
rnd      | Kendall | 6.99e-04 +/- 5.3e-04 | 75.8
rnd      | TMFG    | 9.88e-04 +/- 7.6e-04 | 77.3
rnd      | TMFG_MI | 1.22e-03 +/- 1.2e-03 | 96.2
---------------------------------------------------
---------------------------------------------------
