Train shape: (10, 400, 800)
Test shape: (10, 400, 60)
[                                                                      ] 0.00%
Norma del vettore g: 20.0
⚠️ Errore numerico: Autovalori troppo piccoli in Sigma. Uso la pseudo-inversa.
Strategy: min_var , portfolio variance: 1.3005326209754308e-05
Norma del vettore g: 20.0
⚠️ Errore numerico: Autovalori troppo piccoli in Sigma. Uso la pseudo-inversa.
Strategy: min_var , portfolio variance: 5.964247172027599e-16
Norma del vettore g: 20.0
Strategy: min_var , portfolio variance: 7.002812176799564e-13
Norma del vettore g: 20.0
Strategy: min_var , portfolio variance: 1.5615099329101947e-06
Norma del vettore g: 20.0
Strategy: min_var , portfolio variance: 2.422303588849494e-05
Norma del vettore g: 20.0
Strategy: min_var , portfolio variance: 0.1113331361742818
Norma del vettore g: 20.0
Strategy: min_var , portfolio variance: 6.418579267058558e-05
Norma del vettore g: 20.0
Strategy: min_var , portfolio variance: 7.03574170551515e-05
Norma del vettore g non è uguale a sqrt(N): 45.58665157226964
Norma del vettore g: 19.999999999999993
⚠️ Errore numerico: Autovalori troppo piccoli in Sigma. Uso la pseudo-inversa.
Strategy: omn     , portfolio variance: 9.280760800166052e-07
Norma del vettore g non è uguale a sqrt(N): 45.58665157226964
Norma del vettore g: 19.999999999999993
⚠️ Errore numerico: Autovalori troppo piccoli in Sigma. Uso la pseudo-inversa.
Strategy: omn     , portfolio variance: 1.3548211687114454e-14
Norma del vettore g non è uguale a sqrt(N): 45.58665157226964
Norma del vettore g: 19.999999999999993
Strategy: omn     , portfolio variance: 2.891976692493567e-10
Norma del vettore g non è uguale a sqrt(N): 45.58665157226964
Norma del vettore g: 19.999999999999993
Strategy: omn     , portfolio variance: 1.951934243130302e-06
Norma del vettore g non è uguale a sqrt(N): 45.58665157226964
Norma del vettore g: 19.999999999999993
Strategy: omn     , portfolio variance: 1.6342157185999077e-06
Norma del vettore g non è uguale a sqrt(N): 45.58665157226964
Norma del vettore g: 19.999999999999993
Strategy: omn     , portfolio variance: 0.002335093267263268
Norma del vettore g non è uguale a sqrt(N): 45.58665157226964
Norma del vettore g: 19.999999999999993
Strategy: omn     , portfolio variance: 2.3350369274663445e-06
Norma del vettore g non è uguale a sqrt(N): 45.58665157226964
Norma del vettore g: 19.999999999999993
Strategy: omn     , portfolio variance: 2.4566797686345996e-06
Norma del vettore g non è uguale a sqrt(N): 45.58665157226964
Norma del vettore g: 19.999999999999993
⚠️ Errore numerico: Autovalori troppo piccoli in Sigma. Uso la pseudo-inversa.
Strategy: mean_rev, portfolio variance: 9.280760800166052e-07
Norma del vettore g non è uguale a sqrt(N): 45.58665157226964
Norma del vettore g: 19.999999999999993
⚠️ Errore numerico: Autovalori troppo piccoli in Sigma. Uso la pseudo-inversa.
Strategy: mean_rev, portfolio variance: 1.3548211687114454e-14
Norma del vettore g non è uguale a sqrt(N): 45.58665157226964
Norma del vettore g: 19.999999999999993
Strategy: mean_rev, portfolio variance: 2.891976692493567e-10
Norma del vettore g non è uguale a sqrt(N): 45.58665157226964
Norma del vettore g: 19.999999999999993
Strategy: mean_rev, portfolio variance: 1.951934243130302e-06
Norma del vettore g non è uguale a sqrt(N): 45.58665157226964
Norma del vettore g: 19.999999999999993
Strategy: mean_rev, portfolio variance: 1.6342157185999077e-06
Norma del vettore g non è uguale a sqrt(N): 45.58665157226964
Norma del vettore g: 19.999999999999993
Strategy: mean_rev, portfolio variance: 0.002335093267263268
Norma del vettore g non è uguale a sqrt(N): 45.58665157226964
Norma del vettore g: 19.999999999999993
Strategy: mean_rev, portfolio variance: 2.3350369274663445e-06
Norma del vettore g non è uguale a sqrt(N): 45.58665157226964
Norma del vettore g: 19.999999999999993
Strategy: mean_rev, portfolio variance: 2.4566797686345996e-06
Norma del vettore g: 20.0
⚠️ Errore numerico: Autovalori troppo piccoli in Sigma. Uso la pseudo-inversa.
Strategy: rnd     , portfolio variance: 2.762685730602067e-15
Norma del vettore g: 20.000000000000007
⚠️ Errore numerico: Autovalori troppo piccoli in Sigma. Uso la pseudo-inversa.
Strategy: rnd     , portfolio variance: 4.0786007224829305e-15
Norma del vettore g: 19.999999999999993
Strategy: rnd     , portfolio variance: 1.795609130491219e-10
Norma del vettore g: 20.000000000000004
Strategy: rnd     , portfolio variance: 1.5862298632736352e-06
Norma del vettore g: 20.0
Strategy: rnd     , portfolio variance: 5.992537878920609e-07
Norma del vettore g: 19.999999999999996
Strategy: rnd     , portfolio variance: 7.785704074148088e-05
Norma del vettore g: 20.000000000000004
Strategy: rnd     , portfolio variance: 5.763900782287636e-15
Norma del vettore g: 20.000000000000004
Strategy: rnd     , portfolio variance: 1.3478765840665282e-14
[=======                                                               ] 11.11%
Norma del vettore g: 20.0
⚠️ Errore numerico: Autovalori troppo piccoli in Sigma. Uso la pseudo-inversa.
Strategy: min_var , portfolio variance: 1.2017218998077241e-05
Norma del vettore g: 20.0
⚠️ Errore numerico: Autovalori troppo piccoli in Sigma. Uso la pseudo-inversa.
Strategy: min_var , portfolio variance: 3.746582315626319e-16
Norma del vettore g: 20.0
Strategy: min_var , portfolio variance: 6.133131743330929e-13
Norma del vettore g: 20.0
Strategy: min_var , portfolio variance: 1.5401230955017903e-06
Norma del vettore g: 20.0
Strategy: min_var , portfolio variance: 2.4421177734030607e-05
Norma del vettore g: 20.0
Strategy: min_var , portfolio variance: 0.12544715864091127
Norma del vettore g: 20.0
Strategy: min_var , portfolio variance: 6.264986828410997e-05
Norma del vettore g: 20.0
Strategy: min_var , portfolio variance: 6.900223362889881e-05
Norma del vettore g non è uguale a sqrt(N): 61.74357143714344
Norma del vettore g: 19.999999999999996
⚠️ Errore numerico: Autovalori troppo piccoli in Sigma. Uso la pseudo-inversa.
Strategy: omn     , portfolio variance: 1.0320506366175191e-06
Norma del vettore g non è uguale a sqrt(N): 61.74357143714344
Norma del vettore g: 19.999999999999996
⚠️ Errore numerico: Autovalori troppo piccoli in Sigma. Uso la pseudo-inversa.
Strategy: omn     , portfolio variance: 9.108044270775504e-17
Norma del vettore g non è uguale a sqrt(N): 61.74357143714344
Norma del vettore g: 19.999999999999996
Strategy: omn     , portfolio variance: 3.18557035918354e-11
Norma del vettore g non è uguale a sqrt(N): 61.74357143714344
Norma del vettore g: 19.999999999999996
Strategy: omn     , portfolio variance: 2.3035693253462703e-06
Norma del vettore g non è uguale a sqrt(N): 61.74357143714344
Norma del vettore g: 19.999999999999996
Strategy: omn     , portfolio variance: 1.7537919957252878e-06
Norma del vettore g non è uguale a sqrt(N): 61.74357143714344
Norma del vettore g: 19.999999999999996
Strategy: omn     , portfolio variance: 0.002093249567802536
Norma del vettore g non è uguale a sqrt(N): 61.74357143714344
Norma del vettore g: 19.999999999999996
Strategy: omn     , portfolio variance: 2.3942147094840926e-06
Norma del vettore g non è uguale a sqrt(N): 61.74357143714344
Norma del vettore g: 19.999999999999996
Strategy: omn     , portfolio variance: 2.3909798965540235e-06
Norma del vettore g non è uguale a sqrt(N): 61.74357143714344
Norma del vettore g: 19.999999999999996
⚠️ Errore numerico: Autovalori troppo piccoli in Sigma. Uso la pseudo-inversa.
Strategy: mean_rev, portfolio variance: 1.0320506366175191e-06
Norma del vettore g non è uguale a sqrt(N): 61.74357143714344
Norma del vettore g: 19.999999999999996
⚠️ Errore numerico: Autovalori troppo piccoli in Sigma. Uso la pseudo-inversa.
Strategy: mean_rev, portfolio variance: 9.108044270775504e-17
Norma del vettore g non è uguale a sqrt(N): 61.74357143714344
Norma del vettore g: 19.999999999999996
Strategy: mean_rev, portfolio variance: 3.18557035918354e-11
Norma del vettore g non è uguale a sqrt(N): 61.74357143714344
Norma del vettore g: 19.999999999999996
Strategy: mean_rev, portfolio variance: 2.3035693253462703e-06
Norma del vettore g non è uguale a sqrt(N): 61.74357143714344
Norma del vettore g: 19.999999999999996
Strategy: mean_rev, portfolio variance: 1.7537919957252878e-06
Norma del vettore g non è uguale a sqrt(N): 61.74357143714344
Norma del vettore g: 19.999999999999996
Strategy: mean_rev, portfolio variance: 0.002093249567802536
Norma del vettore g non è uguale a sqrt(N): 61.74357143714344
Norma del vettore g: 19.999999999999996
Strategy: mean_rev, portfolio variance: 2.3942147094840926e-06
Norma del vettore g non è uguale a sqrt(N): 61.74357143714344
Norma del vettore g: 19.999999999999996
Strategy: mean_rev, portfolio variance: 2.3909798965540235e-06
Norma del vettore g: 20.000000000000007
⚠️ Errore numerico: Autovalori troppo piccoli in Sigma. Uso la pseudo-inversa.
Strategy: rnd     , portfolio variance: 6.373876930596373e-13
Norma del vettore g: 19.999999999999993
⚠️ Errore numerico: Autovalori troppo piccoli in Sigma. Uso la pseudo-inversa.
Strategy: rnd     , portfolio variance: 4.110888104553924e-15
Norma del vettore g: 20.000000000000004
Strategy: rnd     , portfolio variance: 3.736115106157029e-10
Norma del vettore g: 20.0
Strategy: rnd     , portfolio variance: 1.587860923694527e-06
Norma del vettore g: 19.999999999999993
Strategy: rnd     , portfolio variance: 6.245382435959377e-07
Norma del vettore g: 20.000000000000004
Strategy: rnd     , portfolio variance: 0.0005236561566026139
Norma del vettore g: 20.000000000000007
Strategy: rnd     , portfolio variance: 1.9177461743885176e-15
Norma del vettore g: 19.999999999999996
Strategy: rnd     , portfolio variance: 1.0069957179849033e-13
[===============                                                       ] 22.22%
Kendall covariance matrix not positive definite!
 It may happen!
Norma del vettore g: 20.0
⚠️ Errore numerico: Autovalori troppo piccoli in Sigma. Uso la pseudo-inversa.
Strategy: min_var , portfolio variance: 6.830975992215512e-06
Norma del vettore g: 20.0
⚠️ Errore numerico: Autovalori troppo piccoli in Sigma. Uso la pseudo-inversa.
Strategy: min_var , portfolio variance: 4.46940189842273e-16
Norma del vettore g: 20.0
⚠️ Errore numerico: Autovalori troppo piccoli in Sigma. Uso la pseudo-inversa.
Strategy: min_var , portfolio variance: 2.2715801653288906e-13
Norma del vettore g: 20.0
Strategy: min_var , portfolio variance: 6.485969783029893e-07
Norma del vettore g: 20.0
Strategy: min_var , portfolio variance: 1.1739582038328945e-05
Norma del vettore g: 20.0
⚠️ Errore numerico: Autovalori troppo piccoli in Sigma. Uso la pseudo-inversa.
Strategy: min_var , portfolio variance: 3.302860824953295
Norma del vettore g: 20.0
Strategy: min_var , portfolio variance: 2.415972263240765e-05
Norma del vettore g: 20.0
Strategy: min_var , portfolio variance: 2.703085992231895e-05
Norma del vettore g non è uguale a sqrt(N): 56.55082077697146
Norma del vettore g: 19.999999999999996
⚠️ Errore numerico: Autovalori troppo piccoli in Sigma. Uso la pseudo-inversa.
Strategy: omn     , portfolio variance: 7.287988944602651e-07
Norma del vettore g non è uguale a sqrt(N): 56.55082077697146
Norma del vettore g: 19.999999999999996
⚠️ Errore numerico: Autovalori troppo piccoli in Sigma. Uso la pseudo-inversa.
Strategy: omn     , portfolio variance: 1.9396131416202645e-16
Norma del vettore g non è uguale a sqrt(N): 56.55082077697146
Norma del vettore g: 19.999999999999996
⚠️ Errore numerico: Autovalori troppo piccoli in Sigma. Uso la pseudo-inversa.
Strategy: omn     , portfolio variance: 1.0105443219189729e-12
Norma del vettore g non è uguale a sqrt(N): 56.55082077697146
Norma del vettore g: 19.999999999999996
Strategy: omn     , portfolio variance: 1.0530188974326926e-06
Norma del vettore g non è uguale a sqrt(N): 56.55082077697146
Norma del vettore g: 19.999999999999996
Strategy: omn     , portfolio variance: 1.0439344019560673e-06
Norma del vettore g non è uguale a sqrt(N): 56.55082077697146
Norma del vettore g: 19.999999999999996
⚠️ Errore numerico: Autovalori troppo piccoli in Sigma. Uso la pseudo-inversa.
Strategy: omn     , portfolio variance: -6.54469993653621e-19
Norma del vettore g non è uguale a sqrt(N): 56.55082077697146
Norma del vettore g: 19.999999999999996
Strategy: omn     , portfolio variance: 1.3257391090581625e-06
Norma del vettore g non è uguale a sqrt(N): 56.55082077697146
Norma del vettore g: 19.999999999999996
Strategy: omn     , portfolio variance: 1.2528669159414696e-06
Norma del vettore g non è uguale a sqrt(N): 56.55082077697146
Norma del vettore g: 19.999999999999996
⚠️ Errore numerico: Autovalori troppo piccoli in Sigma. Uso la pseudo-inversa.
Strategy: mean_rev, portfolio variance: 7.287988944602651e-07
Norma del vettore g non è uguale a sqrt(N): 56.55082077697146
Norma del vettore g: 19.999999999999996
⚠️ Errore numerico: Autovalori troppo piccoli in Sigma. Uso la pseudo-inversa.
Strategy: mean_rev, portfolio variance: 1.9396131416202645e-16
Norma del vettore g non è uguale a sqrt(N): 56.55082077697146
Norma del vettore g: 19.999999999999996
⚠️ Errore numerico: Autovalori troppo piccoli in Sigma. Uso la pseudo-inversa.
Strategy: mean_rev, portfolio variance: 1.0105443219189729e-12
Norma del vettore g non è uguale a sqrt(N): 56.55082077697146
Norma del vettore g: 19.999999999999996
Strategy: mean_rev, portfolio variance: 1.0530188974326926e-06
Norma del vettore g non è uguale a sqrt(N): 56.55082077697146
Norma del vettore g: 19.999999999999996
Strategy: mean_rev, portfolio variance: 1.0439344019560673e-06
Norma del vettore g non è uguale a sqrt(N): 56.55082077697146
Norma del vettore g: 19.999999999999996
⚠️ Errore numerico: Autovalori troppo piccoli in Sigma. Uso la pseudo-inversa.
Strategy: mean_rev, portfolio variance: -6.54469993653621e-19
Norma del vettore g non è uguale a sqrt(N): 56.55082077697146
Norma del vettore g: 19.999999999999996
Strategy: mean_rev, portfolio variance: 1.3257391090581625e-06
Norma del vettore g non è uguale a sqrt(N): 56.55082077697146
Norma del vettore g: 19.999999999999996
Strategy: mean_rev, portfolio variance: 1.2528669159414696e-06
Norma del vettore g: 20.000000000000004
⚠️ Errore numerico: Autovalori troppo piccoli in Sigma. Uso la pseudo-inversa.
Strategy: rnd     , portfolio variance: 5.371631435636894e-16
Norma del vettore g: 19.999999999999996
⚠️ Errore numerico: Autovalori troppo piccoli in Sigma. Uso la pseudo-inversa.
Strategy: rnd     , portfolio variance: 1.2810951586116337e-15
Norma del vettore g: 19.999999999999993
⚠️ Errore numerico: Autovalori troppo piccoli in Sigma. Uso la pseudo-inversa.
Strategy: rnd     , portfolio variance: 3.128127525057097e-10
Norma del vettore g: 20.000000000000004
Strategy: rnd     , portfolio variance: 6.774888791319394e-07
Norma del vettore g: 19.999999999999996
Strategy: rnd     , portfolio variance: 2.444521151452144e-07
Norma del vettore g: 20.000000000000004
⚠️ Errore numerico: Autovalori troppo piccoli in Sigma. Uso la pseudo-inversa.
Strategy: rnd     , portfolio variance: -2.9094714056993172e-31
Norma del vettore g: 20.0
Strategy: rnd     , portfolio variance: 6.476625599758345e-15
Norma del vettore g: 20.000000000000004
Strategy: rnd     , portfolio variance: 2.2555988793724907e-15
[=======================                                               ] 33.33%
Norma del vettore g: 20.0
Strategy: min_var , portfolio variance: 7.076177387012511e-06
Norma del vettore g: 20.0
⚠️ Errore numerico: Autovalori troppo piccoli in Sigma. Uso la pseudo-inversa.
Strategy: min_var , portfolio variance: 2.2070213731516618e-13
Norma del vettore g: 20.0
⚠️ Errore numerico: Autovalori troppo piccoli in Sigma. Uso la pseudo-inversa.
Strategy: min_var , portfolio variance: 2.2120236093054026e-13
Norma del vettore g: 20.0
Strategy: min_var , portfolio variance: 5.513671970498264e-07
Norma del vettore g: 20.0
Strategy: min_var , portfolio variance: 1.175337475815578e-05
Norma del vettore g: 20.0
Strategy: min_var , portfolio variance: 0.11670835230798968
Norma del vettore g: 20.0
Strategy: min_var , portfolio variance: 2.3448044400628783e-05
Norma del vettore g: 20.0
Strategy: min_var , portfolio variance: 2.5450320872828794e-05
Norma del vettore g non è uguale a sqrt(N): 41.618829991959366
Norma del vettore g: 19.999999999999996
Strategy: omn     , portfolio variance: 5.088006068829639e-07
Norma del vettore g non è uguale a sqrt(N): 41.618829991959366
Norma del vettore g: 19.999999999999996
⚠️ Errore numerico: Autovalori troppo piccoli in Sigma. Uso la pseudo-inversa.
Strategy: omn     , portfolio variance: 6.264545880467812e-12
Norma del vettore g non è uguale a sqrt(N): 41.618829991959366
Norma del vettore g: 19.999999999999996
⚠️ Errore numerico: Autovalori troppo piccoli in Sigma. Uso la pseudo-inversa.
Strategy: omn     , portfolio variance: 6.186957632373078e-12
Norma del vettore g non è uguale a sqrt(N): 41.618829991959366
Norma del vettore g: 19.999999999999996
Strategy: omn     , portfolio variance: 8.003785144301946e-07
Norma del vettore g non è uguale a sqrt(N): 41.618829991959366
Norma del vettore g: 19.999999999999996
Strategy: omn     , portfolio variance: 7.24236965100306e-07
Norma del vettore g non è uguale a sqrt(N): 41.618829991959366
Norma del vettore g: 19.999999999999996
Strategy: omn     , portfolio variance: 0.0024116895264488453
Norma del vettore g non è uguale a sqrt(N): 41.618829991959366
Norma del vettore g: 19.999999999999996
Strategy: omn     , portfolio variance: 1.1911057238200795e-06
Norma del vettore g non è uguale a sqrt(N): 41.618829991959366
Norma del vettore g: 19.999999999999996
Strategy: omn     , portfolio variance: 1.2080450049262696e-06
Norma del vettore g non è uguale a sqrt(N): 41.618829991959366
Norma del vettore g: 19.999999999999996
Strategy: mean_rev, portfolio variance: 5.088006068829639e-07
Norma del vettore g non è uguale a sqrt(N): 41.618829991959366
Norma del vettore g: 19.999999999999996
⚠️ Errore numerico: Autovalori troppo piccoli in Sigma. Uso la pseudo-inversa.
Strategy: mean_rev, portfolio variance: 6.264545880467812e-12
Norma del vettore g non è uguale a sqrt(N): 41.618829991959366
Norma del vettore g: 19.999999999999996
⚠️ Errore numerico: Autovalori troppo piccoli in Sigma. Uso la pseudo-inversa.
Strategy: mean_rev, portfolio variance: 6.186957632373078e-12
Norma del vettore g non è uguale a sqrt(N): 41.618829991959366
Norma del vettore g: 19.999999999999996
Strategy: mean_rev, portfolio variance: 8.003785144301946e-07
Norma del vettore g non è uguale a sqrt(N): 41.618829991959366
Norma del vettore g: 19.999999999999996
Strategy: mean_rev, portfolio variance: 7.24236965100306e-07
Norma del vettore g non è uguale a sqrt(N): 41.618829991959366
Norma del vettore g: 19.999999999999996
Strategy: mean_rev, portfolio variance: 0.0024116895264488453
Norma del vettore g non è uguale a sqrt(N): 41.618829991959366
Norma del vettore g: 19.999999999999996
Strategy: mean_rev, portfolio variance: 1.1911057238200795e-06
Norma del vettore g non è uguale a sqrt(N): 41.618829991959366
Norma del vettore g: 19.999999999999996
Strategy: mean_rev, portfolio variance: 1.2080450049262696e-06
Norma del vettore g: 20.00000000000001
Strategy: rnd     , portfolio variance: 5.8732260261639785e-08
Norma del vettore g: 19.999999999999996
⚠️ Errore numerico: Autovalori troppo piccoli in Sigma. Uso la pseudo-inversa.
Strategy: rnd     , portfolio variance: 5.0443040957972965e-08
Norma del vettore g: 20.0
⚠️ Errore numerico: Autovalori troppo piccoli in Sigma. Uso la pseudo-inversa.
Strategy: rnd     , portfolio variance: 5.326657282647578e-10
Norma del vettore g: 20.0
Strategy: rnd     , portfolio variance: 5.339345922149192e-07
Norma del vettore g: 20.0
Strategy: rnd     , portfolio variance: 2.0828401147831374e-07
Norma del vettore g: 20.0
Strategy: rnd     , portfolio variance: 0.0012577473788523016
Norma del vettore g: 20.0
Strategy: rnd     , portfolio variance: 1.5737272490936048e-07
Norma del vettore g: 19.999999999999993
Strategy: rnd     , portfolio variance: 2.3099516478365336e-07
[===============================                                       ] 44.44%
Norma del vettore g: 20.0
Strategy: min_var , portfolio variance: 8.001652628239326e-06
Norma del vettore g: 20.0
Strategy: min_var , portfolio variance: 3.351157857348971e-13
Norma del vettore g: 20.0
Strategy: min_var , portfolio variance: 3.393001212401867e-13
Norma del vettore g: 20.0
Strategy: min_var , portfolio variance: 4.21379549247517e-07
Norma del vettore g: 20.0
Strategy: min_var , portfolio variance: 1.2019364182083083e-05
Norma del vettore g: 20.0
Strategy: min_var , portfolio variance: 0.09196654165598905
Norma del vettore g: 20.0
Strategy: min_var , portfolio variance: 2.6113745689702598e-05
Norma del vettore g: 20.0
Strategy: min_var , portfolio variance: 2.8226393820213118e-05
Norma del vettore g non è uguale a sqrt(N): 43.97337916080963
Norma del vettore g: 20.000000000000004
Strategy: omn     , portfolio variance: 4.964507189356118e-07
Norma del vettore g non è uguale a sqrt(N): 43.97337916080963
Norma del vettore g: 20.000000000000004
Strategy: omn     , portfolio variance: 1.5824826400307397e-12
Norma del vettore g non è uguale a sqrt(N): 43.97337916080963
Norma del vettore g: 20.000000000000004
Strategy: omn     , portfolio variance: 1.5981348895038484e-12
Norma del vettore g non è uguale a sqrt(N): 43.97337916080963
Norma del vettore g: 20.000000000000004
Strategy: omn     , portfolio variance: 6.319405206238715e-07
Norma del vettore g non è uguale a sqrt(N): 43.97337916080963
Norma del vettore g: 20.000000000000004
Strategy: omn     , portfolio variance: 7.096394679544275e-07
Norma del vettore g non è uguale a sqrt(N): 43.97337916080963
Norma del vettore g: 20.000000000000004
Strategy: omn     , portfolio variance: 0.002810492959155016
Norma del vettore g non è uguale a sqrt(N): 43.97337916080963
Norma del vettore g: 20.000000000000004
Strategy: omn     , portfolio variance: 9.839150478223573e-07
Norma del vettore g non è uguale a sqrt(N): 43.97337916080963
Norma del vettore g: 20.000000000000004
Strategy: omn     , portfolio variance: 1.0156284499890764e-06
Norma del vettore g non è uguale a sqrt(N): 43.97337916080963
Norma del vettore g: 20.000000000000004
Strategy: mean_rev, portfolio variance: 4.964507189356118e-07
Norma del vettore g non è uguale a sqrt(N): 43.97337916080963
Norma del vettore g: 20.000000000000004
Strategy: mean_rev, portfolio variance: 1.5824826400307397e-12
Norma del vettore g non è uguale a sqrt(N): 43.97337916080963
Norma del vettore g: 20.000000000000004
Strategy: mean_rev, portfolio variance: 1.5981348895038484e-12
Norma del vettore g non è uguale a sqrt(N): 43.97337916080963
Norma del vettore g: 20.000000000000004
Strategy: mean_rev, portfolio variance: 6.319405206238715e-07
Norma del vettore g non è uguale a sqrt(N): 43.97337916080963
Norma del vettore g: 20.000000000000004
Strategy: mean_rev, portfolio variance: 7.096394679544275e-07
Norma del vettore g non è uguale a sqrt(N): 43.97337916080963
Norma del vettore g: 20.000000000000004
Strategy: mean_rev, portfolio variance: 0.002810492959155016
Norma del vettore g non è uguale a sqrt(N): 43.97337916080963
Norma del vettore g: 20.000000000000004
Strategy: mean_rev, portfolio variance: 9.839150478223573e-07
Norma del vettore g non è uguale a sqrt(N): 43.97337916080963
Norma del vettore g: 20.000000000000004
Strategy: mean_rev, portfolio variance: 1.0156284499890764e-06
Norma del vettore g: 20.000000000000004
Strategy: rnd     , portfolio variance: 6.835848060219368e-08
Norma del vettore g: 20.0
Strategy: rnd     , portfolio variance: 1.1551507185333522e-10
Norma del vettore g: 20.0
Strategy: rnd     , portfolio variance: 7.763239822647539e-11
Norma del vettore g: 20.000000000000004
Strategy: rnd     , portfolio variance: 4.3524103645915843e-07
Norma del vettore g: 20.0
Strategy: rnd     , portfolio variance: 1.5330457602951312e-07
Norma del vettore g: 20.000000000000007
Strategy: rnd     , portfolio variance: 0.0012109753976162286
Norma del vettore g: 20.000000000000004
Strategy: rnd     , portfolio variance: 1.624371897886207e-07
Norma del vettore g: 20.000000000000004
Strategy: rnd     , portfolio variance: 1.3934209797215121e-07
[======================================                                ] 55.56%
Norma del vettore g: 20.0
Strategy: min_var , portfolio variance: 8.561349726487087e-06
Norma del vettore g: 20.0
Strategy: min_var , portfolio variance: 4.3961960760384503e-13
Norma del vettore g: 20.0
Strategy: min_var , portfolio variance: 4.5182879099428597e-13
Norma del vettore g: 20.0
Strategy: min_var , portfolio variance: 4.457261727316305e-07
Norma del vettore g: 20.0
Strategy: min_var , portfolio variance: 1.3800783460305212e-05
Norma del vettore g: 20.0
Strategy: min_var , portfolio variance: 0.09087427168189155
Norma del vettore g: 20.0
Strategy: min_var , portfolio variance: 2.679455619587289e-05
Norma del vettore g: 20.0
Strategy: min_var , portfolio variance: 2.878539910039602e-05
Norma del vettore g non è uguale a sqrt(N): 30.735391696928094
Norma del vettore g: 20.000000000000004
Strategy: omn     , portfolio variance: 3.1108334927332655e-07
Norma del vettore g non è uguale a sqrt(N): 30.735391696928094
Norma del vettore g: 20.000000000000004
Strategy: omn     , portfolio variance: 8.444351825114925e-11
Norma del vettore g non è uguale a sqrt(N): 30.735391696928094
Norma del vettore g: 20.000000000000004
Strategy: omn     , portfolio variance: 8.475392229861696e-11
Norma del vettore g non è uguale a sqrt(N): 30.735391696928094
Norma del vettore g: 20.000000000000004
Strategy: omn     , portfolio variance: 6.549721161348334e-07
Norma del vettore g non è uguale a sqrt(N): 30.735391696928094
Norma del vettore g: 20.000000000000004
Strategy: omn     , portfolio variance: 4.863577760004545e-07
Norma del vettore g non è uguale a sqrt(N): 30.735391696928094
Norma del vettore g: 20.000000000000004
Strategy: omn     , portfolio variance: 0.001980851668604353
Norma del vettore g non è uguale a sqrt(N): 30.735391696928094
Norma del vettore g: 20.000000000000004
Strategy: omn     , portfolio variance: 6.661709467343006e-07
Norma del vettore g non è uguale a sqrt(N): 30.735391696928094
Norma del vettore g: 20.000000000000004
Strategy: omn     , portfolio variance: 6.88351618996333e-07
Norma del vettore g non è uguale a sqrt(N): 30.735391696928094
Norma del vettore g: 20.000000000000004
Strategy: mean_rev, portfolio variance: 3.1108334927332655e-07
Norma del vettore g non è uguale a sqrt(N): 30.735391696928094
Norma del vettore g: 20.000000000000004
Strategy: mean_rev, portfolio variance: 8.444351825114925e-11
Norma del vettore g non è uguale a sqrt(N): 30.735391696928094
Norma del vettore g: 20.000000000000004
Strategy: mean_rev, portfolio variance: 8.475392229861696e-11
Norma del vettore g non è uguale a sqrt(N): 30.735391696928094
Norma del vettore g: 20.000000000000004
Strategy: mean_rev, portfolio variance: 6.549721161348334e-07
Norma del vettore g non è uguale a sqrt(N): 30.735391696928094
Norma del vettore g: 20.000000000000004
Strategy: mean_rev, portfolio variance: 4.863577760004545e-07
Norma del vettore g non è uguale a sqrt(N): 30.735391696928094
Norma del vettore g: 20.000000000000004
Strategy: mean_rev, portfolio variance: 0.001980851668604353
Norma del vettore g non è uguale a sqrt(N): 30.735391696928094
Norma del vettore g: 20.000000000000004
Strategy: mean_rev, portfolio variance: 6.661709467343006e-07
Norma del vettore g non è uguale a sqrt(N): 30.735391696928094
Norma del vettore g: 20.000000000000004
Strategy: mean_rev, portfolio variance: 6.88351618996333e-07
Norma del vettore g: 20.0
Strategy: rnd     , portfolio variance: 7.272838882542322e-08
Norma del vettore g: 20.000000000000007
Strategy: rnd     , portfolio variance: 1.015330013664858e-09
Norma del vettore g: 20.000000000000004
Strategy: rnd     , portfolio variance: 1.3420607799667938e-10
Norma del vettore g: 19.999999999999996
Strategy: rnd     , portfolio variance: 4.402870604946084e-07
Norma del vettore g: 20.000000000000004
Strategy: rnd     , portfolio variance: 1.630343897801551e-07
Norma del vettore g: 20.000000000000004
Strategy: rnd     , portfolio variance: 0.0011733285903900187
Norma del vettore g: 20.000000000000007
Strategy: rnd     , portfolio variance: 1.7260449068830382e-07
Norma del vettore g: 20.000000000000014
Strategy: rnd     , portfolio variance: 1.5076476677888585e-07
[==============================================                        ] 66.67%
Norma del vettore g: 20.0
Strategy: min_var , portfolio variance: 9.061511283842236e-06
Norma del vettore g: 20.0
Strategy: min_var , portfolio variance: 7.119530700100747e-13
Norma del vettore g: 20.0
Strategy: min_var , portfolio variance: 7.271676879757264e-13
Norma del vettore g: 20.0
Strategy: min_var , portfolio variance: 4.946472773923437e-07
Norma del vettore g: 20.0
Strategy: min_var , portfolio variance: 1.343190005446287e-05
Norma del vettore g: 20.0
Strategy: min_var , portfolio variance: 0.07556447092398212
Norma del vettore g: 20.0
Strategy: min_var , portfolio variance: 3.1130490141871326e-05
Norma del vettore g: 20.0
Strategy: min_var , portfolio variance: 3.306610440322845e-05
Norma del vettore g non è uguale a sqrt(N): 48.01766087005583
Norma del vettore g: 20.000000000000007
Strategy: omn     , portfolio variance: 6.290276746553104e-07
Norma del vettore g non è uguale a sqrt(N): 48.01766087005583
Norma del vettore g: 20.000000000000007
Strategy: omn     , portfolio variance: 5.0816481268550535e-11
Norma del vettore g non è uguale a sqrt(N): 48.01766087005583
Norma del vettore g: 20.000000000000007
Strategy: omn     , portfolio variance: 5.170714116847249e-11
Norma del vettore g non è uguale a sqrt(N): 48.01766087005583
Norma del vettore g: 20.000000000000007
Strategy: omn     , portfolio variance: 5.839190491637256e-07
Norma del vettore g non è uguale a sqrt(N): 48.01766087005583
Norma del vettore g: 20.000000000000007
Strategy: omn     , portfolio variance: 8.836083892163641e-07
Norma del vettore g non è uguale a sqrt(N): 48.01766087005583
Norma del vettore g: 20.000000000000007
Strategy: omn     , portfolio variance: 0.002930308015583421
Norma del vettore g non è uguale a sqrt(N): 48.01766087005583
Norma del vettore g: 20.000000000000007
Strategy: omn     , portfolio variance: 1.474071873075535e-06
Norma del vettore g non è uguale a sqrt(N): 48.01766087005583
Norma del vettore g: 20.000000000000007
Strategy: omn     , portfolio variance: 1.414174566789097e-06
Norma del vettore g non è uguale a sqrt(N): 48.01766087005583
Norma del vettore g: 20.000000000000007
Strategy: mean_rev, portfolio variance: 6.290276746553104e-07
Norma del vettore g non è uguale a sqrt(N): 48.01766087005583
Norma del vettore g: 20.000000000000007
Strategy: mean_rev, portfolio variance: 5.0816481268550535e-11
Norma del vettore g non è uguale a sqrt(N): 48.01766087005583
Norma del vettore g: 20.000000000000007
Strategy: mean_rev, portfolio variance: 5.170714116847249e-11
Norma del vettore g non è uguale a sqrt(N): 48.01766087005583
Norma del vettore g: 20.000000000000007
Strategy: mean_rev, portfolio variance: 5.839190491637256e-07
Norma del vettore g non è uguale a sqrt(N): 48.01766087005583
Norma del vettore g: 20.000000000000007
Strategy: mean_rev, portfolio variance: 8.836083892163641e-07
Norma del vettore g non è uguale a sqrt(N): 48.01766087005583
Norma del vettore g: 20.000000000000007
Strategy: mean_rev, portfolio variance: 0.002930308015583421
Norma del vettore g non è uguale a sqrt(N): 48.01766087005583
Norma del vettore g: 20.000000000000007
Strategy: mean_rev, portfolio variance: 1.474071873075535e-06
Norma del vettore g non è uguale a sqrt(N): 48.01766087005583
Norma del vettore g: 20.000000000000007
Strategy: mean_rev, portfolio variance: 1.414174566789097e-06
Norma del vettore g: 19.999999999999996
Strategy: rnd     , portfolio variance: 8.000998339881506e-08
Norma del vettore g: 19.999999999999996
Strategy: rnd     , portfolio variance: 7.268774251668566e-10
Norma del vettore g: 20.0
Strategy: rnd     , portfolio variance: 7.960655899118278e-10
Norma del vettore g: 20.000000000000004
Strategy: rnd     , portfolio variance: 4.874497892566191e-07
Norma del vettore g: 20.000000000000004
Strategy: rnd     , portfolio variance: 1.8145193859904924e-07
Norma del vettore g: 20.000000000000007
Strategy: rnd     , portfolio variance: 0.001181782674152657
Norma del vettore g: 20.0
Strategy: rnd     , portfolio variance: 1.5418841309846043e-07
Norma del vettore g: 20.000000000000004
Strategy: rnd     , portfolio variance: 1.6467221596789305e-07
[======================================================                ] 77.78%
Norma del vettore g: 20.0
Strategy: min_var , portfolio variance: 1.6370655053090866e-05
Norma del vettore g: 20.0
Strategy: min_var , portfolio variance: 4.82453895988685e-13
Norma del vettore g: 20.0
Strategy: min_var , portfolio variance: 5.022633928981517e-13
Norma del vettore g: 20.0
Strategy: min_var , portfolio variance: 1.0419092612866012e-06
Norma del vettore g: 20.0
Strategy: min_var , portfolio variance: 2.877290294770047e-05
Norma del vettore g: 20.0
Strategy: min_var , portfolio variance: 0.09040384935650703
Norma del vettore g: 20.0
Strategy: min_var , portfolio variance: 6.683383918184873e-05
Norma del vettore g: 20.0
Strategy: min_var , portfolio variance: 6.532609217063594e-05
Norma del vettore g non è uguale a sqrt(N): 40.56848494690373
Norma del vettore g: 20.000000000000007
Strategy: omn     , portfolio variance: 5.353690519419956e-07
Norma del vettore g non è uguale a sqrt(N): 40.56848494690373
Norma del vettore g: 20.000000000000007
Strategy: omn     , portfolio variance: 3.0776571962495603e-12
Norma del vettore g non è uguale a sqrt(N): 40.56848494690373
Norma del vettore g: 20.000000000000007
Strategy: omn     , portfolio variance: 3.215299919951076e-12
Norma del vettore g non è uguale a sqrt(N): 40.56848494690373
Norma del vettore g: 20.000000000000007
Strategy: omn     , portfolio variance: 1.2838114971493637e-06
Norma del vettore g non è uguale a sqrt(N): 40.56848494690373
Norma del vettore g: 20.000000000000007
Strategy: omn     , portfolio variance: 9.075184723199577e-07
Norma del vettore g non è uguale a sqrt(N): 40.56848494690373
Norma del vettore g: 20.000000000000007
Strategy: omn     , portfolio variance: 0.002481960024955731
Norma del vettore g non è uguale a sqrt(N): 40.56848494690373
Norma del vettore g: 20.000000000000007
Strategy: omn     , portfolio variance: 1.169540260384491e-06
Norma del vettore g non è uguale a sqrt(N): 40.56848494690373
Norma del vettore g: 20.000000000000007
Strategy: omn     , portfolio variance: 1.1922352884066363e-06
Norma del vettore g non è uguale a sqrt(N): 40.56848494690373
Norma del vettore g: 20.000000000000007
Strategy: mean_rev, portfolio variance: 5.353690519419956e-07
Norma del vettore g non è uguale a sqrt(N): 40.56848494690373
Norma del vettore g: 20.000000000000007
Strategy: mean_rev, portfolio variance: 3.0776571962495603e-12
Norma del vettore g non è uguale a sqrt(N): 40.56848494690373
Norma del vettore g: 20.000000000000007
Strategy: mean_rev, portfolio variance: 3.215299919951076e-12
Norma del vettore g non è uguale a sqrt(N): 40.56848494690373
Norma del vettore g: 20.000000000000007
Strategy: mean_rev, portfolio variance: 1.2838114971493637e-06
Norma del vettore g non è uguale a sqrt(N): 40.56848494690373
Norma del vettore g: 20.000000000000007
Strategy: mean_rev, portfolio variance: 9.075184723199577e-07
Norma del vettore g non è uguale a sqrt(N): 40.56848494690373
Norma del vettore g: 20.000000000000007
Strategy: mean_rev, portfolio variance: 0.002481960024955731
Norma del vettore g non è uguale a sqrt(N): 40.56848494690373
Norma del vettore g: 20.000000000000007
Strategy: mean_rev, portfolio variance: 1.169540260384491e-06
Norma del vettore g non è uguale a sqrt(N): 40.56848494690373
Norma del vettore g: 20.000000000000007
Strategy: mean_rev, portfolio variance: 1.1922352884066363e-06
Norma del vettore g: 19.999999999999993
Strategy: rnd     , portfolio variance: 7.104404074748967e-08
Norma del vettore g: 20.000000000000007
Strategy: rnd     , portfolio variance: 9.147414607054027e-11
Norma del vettore g: 20.0
Strategy: rnd     , portfolio variance: 1.761139623915641e-09
Norma del vettore g: 19.999999999999993
Strategy: rnd     , portfolio variance: 1.0216439561702878e-06
Norma del vettore g: 20.0
Strategy: rnd     , portfolio variance: 2.941847217758424e-07
Norma del vettore g: 20.000000000000004
Strategy: rnd     , portfolio variance: 0.001156592915851856
Norma del vettore g: 20.0
Strategy: rnd     , portfolio variance: 2.836158995825654e-07
Norma del vettore g: 19.999999999999993
Strategy: rnd     , portfolio variance: 2.471341375565144e-07
[==============================================================        ] 88.89%
Norma del vettore g: 20.0
Strategy: min_var , portfolio variance: 1.6647013008997374e-05
Norma del vettore g: 20.0
Strategy: min_var , portfolio variance: 5.942751522672939e-13
Norma del vettore g: 20.0
Strategy: min_var , portfolio variance: 6.276489728818799e-13
Norma del vettore g: 20.0
Strategy: min_var , portfolio variance: 1.1094011398029927e-06
Norma del vettore g: 20.0
Strategy: min_var , portfolio variance: 2.941870048862277e-05
Norma del vettore g: 20.0
Strategy: min_var , portfolio variance: 0.08896884315665682
Norma del vettore g: 20.0
Strategy: min_var , portfolio variance: 6.769248498033289e-05
Norma del vettore g: 20.0
Strategy: min_var , portfolio variance: 7.06228625938097e-05
Norma del vettore g non è uguale a sqrt(N): 42.7380252950515
Norma del vettore g: 20.000000000000007
Strategy: omn     , portfolio variance: 5.712105100719484e-07
Norma del vettore g non è uguale a sqrt(N): 42.7380252950515
Norma del vettore g: 20.000000000000007
Strategy: omn     , portfolio variance: 9.54427209360702e-12
Norma del vettore g non è uguale a sqrt(N): 42.7380252950515
Norma del vettore g: 20.000000000000007
Strategy: omn     , portfolio variance: 1.0220400734223299e-11
Norma del vettore g non è uguale a sqrt(N): 42.7380252950515
Norma del vettore g: 20.000000000000007
Strategy: omn     , portfolio variance: 1.215672985100706e-06
Norma del vettore g non è uguale a sqrt(N): 42.7380252950515
Norma del vettore g: 20.000000000000007
Strategy: omn     , portfolio variance: 9.751205556586428e-07
Norma del vettore g non è uguale a sqrt(N): 42.7380252950515
Norma del vettore g: 20.000000000000007
Strategy: omn     , portfolio variance: 0.0025173197902944675
Norma del vettore g non è uguale a sqrt(N): 42.7380252950515
Norma del vettore g: 20.000000000000007
Strategy: omn     , portfolio variance: 1.7069719986259832e-06
Norma del vettore g non è uguale a sqrt(N): 42.7380252950515
Norma del vettore g: 20.000000000000007
Strategy: omn     , portfolio variance: 1.567838618676117e-06
Norma del vettore g non è uguale a sqrt(N): 42.7380252950515
Norma del vettore g: 20.000000000000007
Strategy: mean_rev, portfolio variance: 5.712105100719484e-07
Norma del vettore g non è uguale a sqrt(N): 42.7380252950515
Norma del vettore g: 20.000000000000007
Strategy: mean_rev, portfolio variance: 9.54427209360702e-12
Norma del vettore g non è uguale a sqrt(N): 42.7380252950515
Norma del vettore g: 20.000000000000007
Strategy: mean_rev, portfolio variance: 1.0220400734223299e-11
Norma del vettore g non è uguale a sqrt(N): 42.7380252950515
Norma del vettore g: 20.000000000000007
Strategy: mean_rev, portfolio variance: 1.215672985100706e-06
Norma del vettore g non è uguale a sqrt(N): 42.7380252950515
Norma del vettore g: 20.000000000000007
Strategy: mean_rev, portfolio variance: 9.751205556586428e-07
Norma del vettore g non è uguale a sqrt(N): 42.7380252950515
Norma del vettore g: 20.000000000000007
Strategy: mean_rev, portfolio variance: 0.0025173197902944675
Norma del vettore g non è uguale a sqrt(N): 42.7380252950515
Norma del vettore g: 20.000000000000007
Strategy: mean_rev, portfolio variance: 1.7069719986259832e-06
Norma del vettore g non è uguale a sqrt(N): 42.7380252950515
Norma del vettore g: 20.000000000000007
Strategy: mean_rev, portfolio variance: 1.567838618676117e-06
Norma del vettore g: 19.999999999999993
Strategy: rnd     , portfolio variance: 1.0974291207277212e-07
Norma del vettore g: 20.000000000000004
Strategy: rnd     , portfolio variance: 5.4825422352779335e-11
Norma del vettore g: 20.000000000000004
Strategy: rnd     , portfolio variance: 4.541318712469903e-11
Norma del vettore g: 20.000000000000004
Strategy: rnd     , portfolio variance: 1.1440743470928975e-06
Norma del vettore g: 20.000000000000004
Strategy: rnd     , portfolio variance: 3.17174593443402e-07
Norma del vettore g: 20.000000000000004
Strategy: rnd     , portfolio variance: 0.001099202431019268
Norma del vettore g: 20.000000000000004
Strategy: rnd     , portfolio variance: 2.3559101711947002e-07
Norma del vettore g: 19.999999999999996
Strategy: rnd     , portfolio variance: 3.1314846576684255e-07

SUMMARY STATISTICS OVER ROLLING WINDOWS

STRATEGY |  METHOD |  MEAN VARIANCE       |  CV%
---------------------------------------------------
min_var  | Sample  | 3.90e-01 +/- 1.2e-01 | 30.4
min_var  | Rie     | 5.43e-01 +/- 3.4e-01 | 62.5
min_var  | IW      | 3.40e-01 +/- 1.1e-01 | 33.6
min_var  | Clipped | 3.28e-01 +/- 1.2e-01 | 36.5
min_var  | Shrunk  | 2.75e-01 +/- 1.0e-01 | 36.4
min_var  | Kendall | 6.61e+17 +/- 2.0e+18 | 300.0
min_var  | TMFG    | 2.44e-01 +/- 9.9e-02 | 40.5
min_var  | TMFG_MI | 2.54e-01 +/- 1.0e-01 | 40.0
---------------------------------------------------
omn      | Sample  | 7.77e-03 +/- 1.4e-03 | 18.0
omn      | Rie     | 9.46e+00 +/- 1.1e+01 | 111.4
omn      | IW      | 2.34e+01 +/- 4.1e+01 | 173.4
omn      | Clipped | 7.38e-02 +/- 7.5e-02 | 101.9
omn      | Shrunk  | 3.65e-03 +/- 5.7e-04 | 15.5
omn      | Kendall | 3.63e+01 +/- 1.1e+02 | 300.0
omn      | TMFG    | 3.80e-03 +/- 1.2e-03 | 31.5
omn      | TMFG_MI | 3.84e-03 +/- 1.3e-03 | 34.6
---------------------------------------------------
mean_rev | Sample  | 7.77e-03 +/- 1.4e-03 | 18.0
mean_rev | Rie     | 9.46e+00 +/- 1.1e+01 | 111.4
mean_rev | IW      | 2.34e+01 +/- 4.1e+01 | 173.4
mean_rev | Clipped | 7.38e-02 +/- 7.5e-02 | 101.9
mean_rev | Shrunk  | 3.65e-03 +/- 5.7e-04 | 15.5
mean_rev | Kendall | 3.63e+01 +/- 1.1e+02 | 300.0
mean_rev | TMFG    | 3.80e-03 +/- 1.2e-03 | 31.5
mean_rev | TMFG_MI | 3.84e-03 +/- 1.3e-03 | 34.6
---------------------------------------------------
rnd      | Sample  | 1.44e-03 +/- 1.3e-03 | 90.5
rnd      | Rie     | 2.90e+03 +/- 8.4e+03 | 288.7
rnd      | IW      | 3.38e+02 +/- 3.9e+02 | 114.4
rnd      | Clipped | 2.91e-03 +/- 1.0e-03 | 34.6
rnd      | Shrunk  | 1.41e-03 +/- 4.7e-04 | 32.9
rnd      | Kendall | 8.54e-04 +/- 7.1e-04 | 82.7
rnd      | TMFG    | 1.16e-03 +/- 1.1e-03 | 91.4
rnd      | TMFG_MI | 9.25e-04 +/- 8.1e-04 | 87.8
---------------------------------------------------
---------------------------------------------------
