Train shape: (20, 400, 800)
Test shape: (20, 400, 60)
[                                                                      ] 0.00%
Norma del vettore g: 20.0
⚠️ Errore numerico: Autovalori troppo piccoli in Sigma. Uso la pseudo-inversa.
Strategy: min_var , portfolio variance: 1.3005326209754308e-05
Norma del vettore g: 20.0
⚠️ Errore numerico: Autovalori troppo piccoli in Sigma. Uso la pseudo-inversa.
Strategy: min_var , portfolio variance: 5.964247172027599e-16
Norma del vettore g: 20.0
Strategy: min_var , portfolio variance: 7.002812176799564e-13
Norma del vettore g: 20.0
Strategy: min_var , portfolio variance: 1.5615099329101947e-06
Norma del vettore g: 20.0
Strategy: min_var , portfolio variance: 2.422303588849494e-05
Norma del vettore g: 20.0
Strategy: min_var , portfolio variance: 0.1113331361742818
Norma del vettore g: 20.0
Strategy: min_var , portfolio variance: 6.418579267058558e-05
Norma del vettore g: 20.0
Strategy: min_var , portfolio variance: 6.988606212386637e-05
Norma del vettore g non è uguale a sqrt(N): 45.58665157226964
Norma del vettore g: 19.999999999999993
⚠️ Errore numerico: Autovalori troppo piccoli in Sigma. Uso la pseudo-inversa.
Strategy: omn     , portfolio variance: 9.280760800166052e-07
Norma del vettore g non è uguale a sqrt(N): 45.58665157226964
Norma del vettore g: 19.999999999999993
⚠️ Errore numerico: Autovalori troppo piccoli in Sigma. Uso la pseudo-inversa.
Strategy: omn     , portfolio variance: 1.3548211687114454e-14
Norma del vettore g non è uguale a sqrt(N): 45.58665157226964
Norma del vettore g: 19.999999999999993
Strategy: omn     , portfolio variance: 2.891976692493567e-10
Norma del vettore g non è uguale a sqrt(N): 45.58665157226964
Norma del vettore g: 19.999999999999993
Strategy: omn     , portfolio variance: 1.951934243130302e-06
Norma del vettore g non è uguale a sqrt(N): 45.58665157226964
Norma del vettore g: 19.999999999999993
Strategy: omn     , portfolio variance: 1.6342157185999077e-06
Norma del vettore g non è uguale a sqrt(N): 45.58665157226964
Norma del vettore g: 19.999999999999993
Strategy: omn     , portfolio variance: 0.002335093267263268
Norma del vettore g non è uguale a sqrt(N): 45.58665157226964
Norma del vettore g: 19.999999999999993
Strategy: omn     , portfolio variance: 2.3350369274663445e-06
Norma del vettore g non è uguale a sqrt(N): 45.58665157226964
Norma del vettore g: 19.999999999999993
Strategy: omn     , portfolio variance: 2.4369370586981642e-06
Norma del vettore g non è uguale a sqrt(N): 45.58665157226964
Norma del vettore g: 19.999999999999993
⚠️ Errore numerico: Autovalori troppo piccoli in Sigma. Uso la pseudo-inversa.
Strategy: mean_rev, portfolio variance: 9.280760800166052e-07
Norma del vettore g non è uguale a sqrt(N): 45.58665157226964
Norma del vettore g: 19.999999999999993
⚠️ Errore numerico: Autovalori troppo piccoli in Sigma. Uso la pseudo-inversa.
Strategy: mean_rev, portfolio variance: 1.3548211687114454e-14
Norma del vettore g non è uguale a sqrt(N): 45.58665157226964
Norma del vettore g: 19.999999999999993
Strategy: mean_rev, portfolio variance: 2.891976692493567e-10
Norma del vettore g non è uguale a sqrt(N): 45.58665157226964
Norma del vettore g: 19.999999999999993
Strategy: mean_rev, portfolio variance: 1.951934243130302e-06
Norma del vettore g non è uguale a sqrt(N): 45.58665157226964
Norma del vettore g: 19.999999999999993
Strategy: mean_rev, portfolio variance: 1.6342157185999077e-06
Norma del vettore g non è uguale a sqrt(N): 45.58665157226964
Norma del vettore g: 19.999999999999993
Strategy: mean_rev, portfolio variance: 0.002335093267263268
Norma del vettore g non è uguale a sqrt(N): 45.58665157226964
Norma del vettore g: 19.999999999999993
Strategy: mean_rev, portfolio variance: 2.3350369274663445e-06
Norma del vettore g non è uguale a sqrt(N): 45.58665157226964
Norma del vettore g: 19.999999999999993
Strategy: mean_rev, portfolio variance: 2.4369370586981642e-06
Norma del vettore g: 20.0
⚠️ Errore numerico: Autovalori troppo piccoli in Sigma. Uso la pseudo-inversa.
Strategy: rnd     , portfolio variance: 2.762685730602067e-15
Norma del vettore g: 20.000000000000007
⚠️ Errore numerico: Autovalori troppo piccoli in Sigma. Uso la pseudo-inversa.
Strategy: rnd     , portfolio variance: 4.0786007224829305e-15
Norma del vettore g: 19.999999999999993
Strategy: rnd     , portfolio variance: 1.795609130491219e-10
Norma del vettore g: 20.000000000000004
Strategy: rnd     , portfolio variance: 1.5862298632736352e-06
Norma del vettore g: 20.0
Strategy: rnd     , portfolio variance: 5.992537878920609e-07
Norma del vettore g: 19.999999999999996
Strategy: rnd     , portfolio variance: 7.785704074148088e-05
Norma del vettore g: 20.000000000000004
Strategy: rnd     , portfolio variance: 5.763900782287636e-15
Norma del vettore g: 20.000000000000004
Strategy: rnd     , portfolio variance: 1.3478786097296989e-14
[===                                                                   ] 5.26%
Norma del vettore g: 20.0
⚠️ Errore numerico: Autovalori troppo piccoli in Sigma. Uso la pseudo-inversa.
Strategy: min_var , portfolio variance: 1.3261986461275242e-05
Norma del vettore g: 20.0
⚠️ Errore numerico: Autovalori troppo piccoli in Sigma. Uso la pseudo-inversa.
Strategy: min_var , portfolio variance: 4.950984839070413e-16
Norma del vettore g: 20.0
Strategy: min_var , portfolio variance: 6.64472671604999e-13
Norma del vettore g: 20.0
Strategy: min_var , portfolio variance: 1.589220019028594e-06
Norma del vettore g: 20.0
Strategy: min_var , portfolio variance: 2.5585793455864217e-05
Norma del vettore g: 20.0
Strategy: min_var , portfolio variance: 0.12157009309027747
Norma del vettore g: 20.0
Strategy: min_var , portfolio variance: 6.676211750449844e-05
Norma del vettore g: 20.0
Strategy: min_var , portfolio variance: 7.410082144675137e-05
Norma del vettore g non è uguale a sqrt(N): 54.970855185248595
Norma del vettore g: 19.999999999999996
⚠️ Errore numerico: Autovalori troppo piccoli in Sigma. Uso la pseudo-inversa.
Strategy: omn     , portfolio variance: 1.0678596418156173e-06
Norma del vettore g non è uguale a sqrt(N): 54.970855185248595
Norma del vettore g: 19.999999999999996
⚠️ Errore numerico: Autovalori troppo piccoli in Sigma. Uso la pseudo-inversa.
Strategy: omn     , portfolio variance: 5.737533528356253e-16
Norma del vettore g non è uguale a sqrt(N): 54.970855185248595
Norma del vettore g: 19.999999999999996
Strategy: omn     , portfolio variance: 2.5188578174091566e-12
Norma del vettore g non è uguale a sqrt(N): 54.970855185248595
Norma del vettore g: 19.999999999999996
Strategy: omn     , portfolio variance: 2.207377575286552e-06
Norma del vettore g non è uguale a sqrt(N): 54.970855185248595
Norma del vettore g: 19.999999999999996
Strategy: omn     , portfolio variance: 1.9517357631397195e-06
Norma del vettore g non è uguale a sqrt(N): 54.970855185248595
Norma del vettore g: 19.999999999999996
Strategy: omn     , portfolio variance: 0.0028446748806886407
Norma del vettore g non è uguale a sqrt(N): 54.970855185248595
Norma del vettore g: 19.999999999999996
Strategy: omn     , portfolio variance: 2.661222751395694e-06
Norma del vettore g non è uguale a sqrt(N): 54.970855185248595
Norma del vettore g: 19.999999999999996
Strategy: omn     , portfolio variance: 2.7151037839611274e-06
Norma del vettore g non è uguale a sqrt(N): 54.970855185248595
Norma del vettore g: 19.999999999999996
⚠️ Errore numerico: Autovalori troppo piccoli in Sigma. Uso la pseudo-inversa.
Strategy: mean_rev, portfolio variance: 1.0678596418156173e-06
Norma del vettore g non è uguale a sqrt(N): 54.970855185248595
Norma del vettore g: 19.999999999999996
⚠️ Errore numerico: Autovalori troppo piccoli in Sigma. Uso la pseudo-inversa.
Strategy: mean_rev, portfolio variance: 5.737533528356253e-16
Norma del vettore g non è uguale a sqrt(N): 54.970855185248595
Norma del vettore g: 19.999999999999996
Strategy: mean_rev, portfolio variance: 2.5188578174091566e-12
Norma del vettore g non è uguale a sqrt(N): 54.970855185248595
Norma del vettore g: 19.999999999999996
Strategy: mean_rev, portfolio variance: 2.207377575286552e-06
Norma del vettore g non è uguale a sqrt(N): 54.970855185248595
Norma del vettore g: 19.999999999999996
Strategy: mean_rev, portfolio variance: 1.9517357631397195e-06
Norma del vettore g non è uguale a sqrt(N): 54.970855185248595
Norma del vettore g: 19.999999999999996
Strategy: mean_rev, portfolio variance: 0.0028446748806886407
Norma del vettore g non è uguale a sqrt(N): 54.970855185248595
Norma del vettore g: 19.999999999999996
Strategy: mean_rev, portfolio variance: 2.661222751395694e-06
Norma del vettore g non è uguale a sqrt(N): 54.970855185248595
Norma del vettore g: 19.999999999999996
Strategy: mean_rev, portfolio variance: 2.7151037839611274e-06
Norma del vettore g: 20.000000000000007
⚠️ Errore numerico: Autovalori troppo piccoli in Sigma. Uso la pseudo-inversa.
Strategy: rnd     , portfolio variance: 7.7574846908173e-13
Norma del vettore g: 19.999999999999993
⚠️ Errore numerico: Autovalori troppo piccoli in Sigma. Uso la pseudo-inversa.
Strategy: rnd     , portfolio variance: 5.46463824368087e-15
Norma del vettore g: 20.000000000000004
Strategy: rnd     , portfolio variance: 4.1546489884932465e-10
Norma del vettore g: 20.0
Strategy: rnd     , portfolio variance: 1.6465171585929201e-06
Norma del vettore g: 19.999999999999993
Strategy: rnd     , portfolio variance: 6.41098419393279e-07
Norma del vettore g: 20.000000000000004
Strategy: rnd     , portfolio variance: 0.0005245788400750263
Norma del vettore g: 20.000000000000007
Strategy: rnd     , portfolio variance: 2.1298847866820736e-15
Norma del vettore g: 19.999999999999996
Strategy: rnd     , portfolio variance: 1.114068177871175e-13
[=======                                                               ] 10.53%
Norma del vettore g: 20.0
⚠️ Errore numerico: Autovalori troppo piccoli in Sigma. Uso la pseudo-inversa.
Strategy: min_var , portfolio variance: 1.2017218998077241e-05
Norma del vettore g: 20.0
⚠️ Errore numerico: Autovalori troppo piccoli in Sigma. Uso la pseudo-inversa.
Strategy: min_var , portfolio variance: 3.746582315626319e-16
Norma del vettore g: 20.0
Strategy: min_var , portfolio variance: 6.133131743330929e-13
Norma del vettore g: 20.0
Strategy: min_var , portfolio variance: 1.5401230955017903e-06
Norma del vettore g: 20.0
Strategy: min_var , portfolio variance: 2.4421177734030607e-05
Norma del vettore g: 20.0
Strategy: min_var , portfolio variance: 0.12544715864091127
Norma del vettore g: 20.0
Strategy: min_var , portfolio variance: 6.264986828410997e-05
Norma del vettore g: 20.0
Strategy: min_var , portfolio variance: 6.927917844895174e-05
Norma del vettore g non è uguale a sqrt(N): 61.74357143714344
Norma del vettore g: 19.999999999999996
⚠️ Errore numerico: Autovalori troppo piccoli in Sigma. Uso la pseudo-inversa.
Strategy: omn     , portfolio variance: 1.0320506366175191e-06
Norma del vettore g non è uguale a sqrt(N): 61.74357143714344
Norma del vettore g: 19.999999999999996
⚠️ Errore numerico: Autovalori troppo piccoli in Sigma. Uso la pseudo-inversa.
Strategy: omn     , portfolio variance: 9.108044270775504e-17
Norma del vettore g non è uguale a sqrt(N): 61.74357143714344
Norma del vettore g: 19.999999999999996
Strategy: omn     , portfolio variance: 3.18557035918354e-11
Norma del vettore g non è uguale a sqrt(N): 61.74357143714344
Norma del vettore g: 19.999999999999996
Strategy: omn     , portfolio variance: 2.3035693253462703e-06
Norma del vettore g non è uguale a sqrt(N): 61.74357143714344
Norma del vettore g: 19.999999999999996
Strategy: omn     , portfolio variance: 1.7537919957252878e-06
Norma del vettore g non è uguale a sqrt(N): 61.74357143714344
Norma del vettore g: 19.999999999999996
Strategy: omn     , portfolio variance: 0.002093249567802536
Norma del vettore g non è uguale a sqrt(N): 61.74357143714344
Norma del vettore g: 19.999999999999996
Strategy: omn     , portfolio variance: 2.3942147094840926e-06
Norma del vettore g non è uguale a sqrt(N): 61.74357143714344
Norma del vettore g: 19.999999999999996
Strategy: omn     , portfolio variance: 2.3517356278547507e-06
Norma del vettore g non è uguale a sqrt(N): 61.74357143714344
Norma del vettore g: 19.999999999999996
⚠️ Errore numerico: Autovalori troppo piccoli in Sigma. Uso la pseudo-inversa.
Strategy: mean_rev, portfolio variance: 1.0320506366175191e-06
Norma del vettore g non è uguale a sqrt(N): 61.74357143714344
Norma del vettore g: 19.999999999999996
⚠️ Errore numerico: Autovalori troppo piccoli in Sigma. Uso la pseudo-inversa.
Strategy: mean_rev, portfolio variance: 9.108044270775504e-17
Norma del vettore g non è uguale a sqrt(N): 61.74357143714344
Norma del vettore g: 19.999999999999996
Strategy: mean_rev, portfolio variance: 3.18557035918354e-11
Norma del vettore g non è uguale a sqrt(N): 61.74357143714344
Norma del vettore g: 19.999999999999996
Strategy: mean_rev, portfolio variance: 2.3035693253462703e-06
Norma del vettore g non è uguale a sqrt(N): 61.74357143714344
Norma del vettore g: 19.999999999999996
Strategy: mean_rev, portfolio variance: 1.7537919957252878e-06
Norma del vettore g non è uguale a sqrt(N): 61.74357143714344
Norma del vettore g: 19.999999999999996
Strategy: mean_rev, portfolio variance: 0.002093249567802536
Norma del vettore g non è uguale a sqrt(N): 61.74357143714344
Norma del vettore g: 19.999999999999996
Strategy: mean_rev, portfolio variance: 2.3942147094840926e-06
Norma del vettore g non è uguale a sqrt(N): 61.74357143714344
Norma del vettore g: 19.999999999999996
Strategy: mean_rev, portfolio variance: 2.3517356278547507e-06
Norma del vettore g: 20.000000000000004
⚠️ Errore numerico: Autovalori troppo piccoli in Sigma. Uso la pseudo-inversa.
Strategy: rnd     , portfolio variance: 5.343556812866498e-16
Norma del vettore g: 19.999999999999996
⚠️ Errore numerico: Autovalori troppo piccoli in Sigma. Uso la pseudo-inversa.
Strategy: rnd     , portfolio variance: 1.0288459892569122e-15
Norma del vettore g: 19.999999999999993
Strategy: rnd     , portfolio variance: 1.1390619076484174e-09
Norma del vettore g: 20.000000000000004
Strategy: rnd     , portfolio variance: 1.6042038188561287e-06
Norma del vettore g: 19.999999999999996
Strategy: rnd     , portfolio variance: 5.85305536441942e-07
Norma del vettore g: 20.000000000000004
Strategy: rnd     , portfolio variance: 1.2178036380930675e-05
Norma del vettore g: 20.0
Strategy: rnd     , portfolio variance: 7.881707862759444e-15
Norma del vettore g: 20.000000000000004
Strategy: rnd     , portfolio variance: 2.7414857122015943e-15
[===========                                                           ] 15.79%
Kendall covariance matrix not positive definite!
 It may happen!
Norma del vettore g: 20.0
⚠️ Errore numerico: Autovalori troppo piccoli in Sigma. Uso la pseudo-inversa.
Strategy: min_var , portfolio variance: 1.1501319930554704e-05
Norma del vettore g: 20.0
⚠️ Errore numerico: Autovalori troppo piccoli in Sigma. Uso la pseudo-inversa.
Strategy: min_var , portfolio variance: 3.198491055827865e-16
Norma del vettore g: 20.0
Strategy: min_var , portfolio variance: 4.52628292365543e-13
Norma del vettore g: 20.0
Strategy: min_var , portfolio variance: 1.3066724532910118e-06
Norma del vettore g: 20.0
Strategy: min_var , portfolio variance: 2.2936206562211423e-05
Norma del vettore g: 20.0
⚠️ Errore numerico: Autovalori troppo piccoli in Sigma. Uso la pseudo-inversa.
Strategy: min_var , portfolio variance: 9.273771354312744e+26
Norma del vettore g: 20.0
Strategy: min_var , portfolio variance: 5.465222011596234e-05
Norma del vettore g: 20.0
Strategy: min_var , portfolio variance: 5.673120884938219e-05
Norma del vettore g non è uguale a sqrt(N): 82.15379303494099
Norma del vettore g: 19.999999999999993
⚠️ Errore numerico: Autovalori troppo piccoli in Sigma. Uso la pseudo-inversa.
Strategy: omn     , portfolio variance: 1.5314533571442251e-06
Norma del vettore g non è uguale a sqrt(N): 82.15379303494099
Norma del vettore g: 19.999999999999993
⚠️ Errore numerico: Autovalori troppo piccoli in Sigma. Uso la pseudo-inversa.
Strategy: omn     , portfolio variance: 3.782047218137899e-16
Norma del vettore g non è uguale a sqrt(N): 82.15379303494099
Norma del vettore g: 19.999999999999993
Strategy: omn     , portfolio variance: 3.91614202532783e-12
Norma del vettore g non è uguale a sqrt(N): 82.15379303494099
Norma del vettore g: 19.999999999999993
Strategy: omn     , portfolio variance: 2.2440379945166084e-06
Norma del vettore g non è uguale a sqrt(N): 82.15379303494099
Norma del vettore g: 19.999999999999993
Strategy: omn     , portfolio variance: 2.501527380414413e-06
Norma del vettore g non è uguale a sqrt(N): 82.15379303494099
Norma del vettore g: 19.999999999999993
⚠️ Errore numerico: Autovalori troppo piccoli in Sigma. Uso la pseudo-inversa.
Strategy: omn     , portfolio variance: 0.0005170674963287749
Norma del vettore g non è uguale a sqrt(N): 82.15379303494099
Norma del vettore g: 19.999999999999993
Strategy: omn     , portfolio variance: 3.674295977467353e-06
Norma del vettore g non è uguale a sqrt(N): 82.15379303494099
Norma del vettore g: 19.999999999999993
Strategy: omn     , portfolio variance: 3.524497084804795e-06
Norma del vettore g non è uguale a sqrt(N): 82.15379303494099
Norma del vettore g: 19.999999999999993
⚠️ Errore numerico: Autovalori troppo piccoli in Sigma. Uso la pseudo-inversa.
Strategy: mean_rev, portfolio variance: 1.5314533571442251e-06
Norma del vettore g non è uguale a sqrt(N): 82.15379303494099
Norma del vettore g: 19.999999999999993
⚠️ Errore numerico: Autovalori troppo piccoli in Sigma. Uso la pseudo-inversa.
Strategy: mean_rev, portfolio variance: 3.782047218137899e-16
Norma del vettore g non è uguale a sqrt(N): 82.15379303494099
Norma del vettore g: 19.999999999999993
Strategy: mean_rev, portfolio variance: 3.91614202532783e-12
Norma del vettore g non è uguale a sqrt(N): 82.15379303494099
Norma del vettore g: 19.999999999999993
Strategy: mean_rev, portfolio variance: 2.2440379945166084e-06
Norma del vettore g non è uguale a sqrt(N): 82.15379303494099
Norma del vettore g: 19.999999999999993
Strategy: mean_rev, portfolio variance: 2.501527380414413e-06
Norma del vettore g non è uguale a sqrt(N): 82.15379303494099
Norma del vettore g: 19.999999999999993
⚠️ Errore numerico: Autovalori troppo piccoli in Sigma. Uso la pseudo-inversa.
Strategy: mean_rev, portfolio variance: 0.0005170674963287749
Norma del vettore g non è uguale a sqrt(N): 82.15379303494099
Norma del vettore g: 19.999999999999993
Strategy: mean_rev, portfolio variance: 3.674295977467353e-06
Norma del vettore g non è uguale a sqrt(N): 82.15379303494099
Norma del vettore g: 19.999999999999993
Strategy: mean_rev, portfolio variance: 3.524497084804795e-06
Norma del vettore g: 20.00000000000001
⚠️ Errore numerico: Autovalori troppo piccoli in Sigma. Uso la pseudo-inversa.
Strategy: rnd     , portfolio variance: 4.61146786365425e-15
Norma del vettore g: 19.999999999999996
⚠️ Errore numerico: Autovalori troppo piccoli in Sigma. Uso la pseudo-inversa.
Strategy: rnd     , portfolio variance: 1.2981287277909302e-15
Norma del vettore g: 20.0
Strategy: rnd     , portfolio variance: 1.4115722473969307e-09
Norma del vettore g: 20.0
Strategy: rnd     , portfolio variance: 1.2311552389017674e-06
Norma del vettore g: 20.0
Strategy: rnd     , portfolio variance: 4.7644519078142784e-07
Norma del vettore g: 20.0
⚠️ Errore numerico: Autovalori troppo piccoli in Sigma. Uso la pseudo-inversa.
Strategy: rnd     , portfolio variance: -4.085500016637754e-30
Norma del vettore g: 20.0
Strategy: rnd     , portfolio variance: 2.733728171454115e-14
Norma del vettore g: 19.999999999999993
Strategy: rnd     , portfolio variance: 8.669401825699805e-13
[==============                                                        ] 21.05%
Kendall covariance matrix not positive definite!
 It may happen!
Norma del vettore g: 20.0
⚠️ Errore numerico: Autovalori troppo piccoli in Sigma. Uso la pseudo-inversa.
Strategy: min_var , portfolio variance: 6.830975992215512e-06
Norma del vettore g: 20.0
⚠️ Errore numerico: Autovalori troppo piccoli in Sigma. Uso la pseudo-inversa.
Strategy: min_var , portfolio variance: 4.46940189842273e-16
Norma del vettore g: 20.0
⚠️ Errore numerico: Autovalori troppo piccoli in Sigma. Uso la pseudo-inversa.
Strategy: min_var , portfolio variance: 2.2715801653288906e-13
Norma del vettore g: 20.0
Strategy: min_var , portfolio variance: 6.485969783029893e-07
Norma del vettore g: 20.0
Strategy: min_var , portfolio variance: 1.1739582038328945e-05
Norma del vettore g: 20.0
⚠️ Errore numerico: Autovalori troppo piccoli in Sigma. Uso la pseudo-inversa.
Strategy: min_var , portfolio variance: 3.302860824953295
Norma del vettore g: 20.0
Strategy: min_var , portfolio variance: 2.415972263240765e-05
Norma del vettore g: 20.0
Strategy: min_var , portfolio variance: 2.695480311612652e-05
Norma del vettore g non è uguale a sqrt(N): 56.55082077697146
Norma del vettore g: 19.999999999999996
⚠️ Errore numerico: Autovalori troppo piccoli in Sigma. Uso la pseudo-inversa.
Strategy: omn     , portfolio variance: 7.287988944602651e-07
Norma del vettore g non è uguale a sqrt(N): 56.55082077697146
Norma del vettore g: 19.999999999999996
⚠️ Errore numerico: Autovalori troppo piccoli in Sigma. Uso la pseudo-inversa.
Strategy: omn     , portfolio variance: 1.9396131416202645e-16
Norma del vettore g non è uguale a sqrt(N): 56.55082077697146
Norma del vettore g: 19.999999999999996
⚠️ Errore numerico: Autovalori troppo piccoli in Sigma. Uso la pseudo-inversa.
Strategy: omn     , portfolio variance: 1.0105443219189729e-12
Norma del vettore g non è uguale a sqrt(N): 56.55082077697146
Norma del vettore g: 19.999999999999996
Strategy: omn     , portfolio variance: 1.0530188974326926e-06
Norma del vettore g non è uguale a sqrt(N): 56.55082077697146
Norma del vettore g: 19.999999999999996
Strategy: omn     , portfolio variance: 1.0439344019560673e-06
Norma del vettore g non è uguale a sqrt(N): 56.55082077697146
Norma del vettore g: 19.999999999999996
⚠️ Errore numerico: Autovalori troppo piccoli in Sigma. Uso la pseudo-inversa.
Strategy: omn     , portfolio variance: -6.54469993653621e-19
Norma del vettore g non è uguale a sqrt(N): 56.55082077697146
Norma del vettore g: 19.999999999999996
Strategy: omn     , portfolio variance: 1.3257391090581625e-06
Norma del vettore g non è uguale a sqrt(N): 56.55082077697146
Norma del vettore g: 19.999999999999996
Strategy: omn     , portfolio variance: 1.254439332829267e-06
Norma del vettore g non è uguale a sqrt(N): 56.55082077697146
Norma del vettore g: 19.999999999999996
⚠️ Errore numerico: Autovalori troppo piccoli in Sigma. Uso la pseudo-inversa.
Strategy: mean_rev, portfolio variance: 7.287988944602651e-07
Norma del vettore g non è uguale a sqrt(N): 56.55082077697146
Norma del vettore g: 19.999999999999996
⚠️ Errore numerico: Autovalori troppo piccoli in Sigma. Uso la pseudo-inversa.
Strategy: mean_rev, portfolio variance: 1.9396131416202645e-16
Norma del vettore g non è uguale a sqrt(N): 56.55082077697146
Norma del vettore g: 19.999999999999996
⚠️ Errore numerico: Autovalori troppo piccoli in Sigma. Uso la pseudo-inversa.
Strategy: mean_rev, portfolio variance: 1.0105443219189729e-12
Norma del vettore g non è uguale a sqrt(N): 56.55082077697146
Norma del vettore g: 19.999999999999996
Strategy: mean_rev, portfolio variance: 1.0530188974326926e-06
Norma del vettore g non è uguale a sqrt(N): 56.55082077697146
Norma del vettore g: 19.999999999999996
Strategy: mean_rev, portfolio variance: 1.0439344019560673e-06
Norma del vettore g non è uguale a sqrt(N): 56.55082077697146
Norma del vettore g: 19.999999999999996
⚠️ Errore numerico: Autovalori troppo piccoli in Sigma. Uso la pseudo-inversa.
Strategy: mean_rev, portfolio variance: -6.54469993653621e-19
Norma del vettore g non è uguale a sqrt(N): 56.55082077697146
Norma del vettore g: 19.999999999999996
Strategy: mean_rev, portfolio variance: 1.3257391090581625e-06
Norma del vettore g non è uguale a sqrt(N): 56.55082077697146
Norma del vettore g: 19.999999999999996
Strategy: mean_rev, portfolio variance: 1.254439332829267e-06
Norma del vettore g: 20.000000000000004
⚠️ Errore numerico: Autovalori troppo piccoli in Sigma. Uso la pseudo-inversa.
Strategy: rnd     , portfolio variance: 3.3322163278351337e-12
Norma del vettore g: 20.0
⚠️ Errore numerico: Autovalori troppo piccoli in Sigma. Uso la pseudo-inversa.
Strategy: rnd     , portfolio variance: 5.047488688040049e-12
Norma del vettore g: 20.0
⚠️ Errore numerico: Autovalori troppo piccoli in Sigma. Uso la pseudo-inversa.
Strategy: rnd     , portfolio variance: 5.18474846214448e-11
Norma del vettore g: 20.000000000000004
Strategy: rnd     , portfolio variance: 6.69384127955537e-07
Norma del vettore g: 20.0
Strategy: rnd     , portfolio variance: 2.4084477339164864e-07
Norma del vettore g: 20.000000000000007
⚠️ Errore numerico: Autovalori troppo piccoli in Sigma. Uso la pseudo-inversa.
Strategy: rnd     , portfolio variance: -4.4411517451146794e-32
Norma del vettore g: 20.000000000000004
Strategy: rnd     , portfolio variance: 7.010753542041696e-15
Norma del vettore g: 20.000000000000004
Strategy: rnd     , portfolio variance: 6.905245437328745e-15
[==================                                                    ] 26.32%
Kendall covariance matrix not positive definite!
 It may happen!
Norma del vettore g: 20.0
⚠️ Errore numerico: Autovalori troppo piccoli in Sigma. Uso la pseudo-inversa.
Strategy: min_var , portfolio variance: 7.214133783395517e-06
Norma del vettore g: 20.0
⚠️ Errore numerico: Autovalori troppo piccoli in Sigma. Uso la pseudo-inversa.
Strategy: min_var , portfolio variance: 4.387450448259099e-16
Norma del vettore g: 20.0
⚠️ Errore numerico: Autovalori troppo piccoli in Sigma. Uso la pseudo-inversa.
Strategy: min_var , portfolio variance: 2.1247958106830711e-13
Norma del vettore g: 20.0
Strategy: min_var , portfolio variance: 5.948875108578825e-07
Norma del vettore g: 20.0
Strategy: min_var , portfolio variance: 1.2229103445798418e-05
Norma del vettore g: 20.0
⚠️ Errore numerico: Autovalori troppo piccoli in Sigma. Uso la pseudo-inversa.
Strategy: min_var , portfolio variance: 2.0192600565923673e+27
Norma del vettore g: 20.0
Strategy: min_var , portfolio variance: 2.3975429286706734e-05
Norma del vettore g: 20.0
Strategy: min_var , portfolio variance: 2.5891301487699606e-05
Norma del vettore g non è uguale a sqrt(N): 43.7557910399115
Norma del vettore g: 20.000000000000007
⚠️ Errore numerico: Autovalori troppo piccoli in Sigma. Uso la pseudo-inversa.
Strategy: omn     , portfolio variance: 5.14664124464406e-07
Norma del vettore g non è uguale a sqrt(N): 43.7557910399115
Norma del vettore g: 20.000000000000007
⚠️ Errore numerico: Autovalori troppo piccoli in Sigma. Uso la pseudo-inversa.
Strategy: omn     , portfolio variance: 3.5398238021575623e-15
Norma del vettore g non è uguale a sqrt(N): 43.7557910399115
Norma del vettore g: 20.000000000000007
⚠️ Errore numerico: Autovalori troppo piccoli in Sigma. Uso la pseudo-inversa.
Strategy: omn     , portfolio variance: 3.884264046476876e-12
Norma del vettore g non è uguale a sqrt(N): 43.7557910399115
Norma del vettore g: 20.000000000000007
Strategy: omn     , portfolio variance: 7.561607102369778e-07
Norma del vettore g non è uguale a sqrt(N): 43.7557910399115
Norma del vettore g: 20.000000000000007
Strategy: omn     , portfolio variance: 7.894101774446767e-07
Norma del vettore g non è uguale a sqrt(N): 43.7557910399115
Norma del vettore g: 20.000000000000007
⚠️ Errore numerico: Autovalori troppo piccoli in Sigma. Uso la pseudo-inversa.
Strategy: omn     , portfolio variance: 1.865890284803584e-07
Norma del vettore g non è uguale a sqrt(N): 43.7557910399115
Norma del vettore g: 20.000000000000007
Strategy: omn     , portfolio variance: 1.0241406992375335e-06
Norma del vettore g non è uguale a sqrt(N): 43.7557910399115
Norma del vettore g: 20.000000000000007
Strategy: omn     , portfolio variance: 1.0873206627734833e-06
Norma del vettore g non è uguale a sqrt(N): 43.7557910399115
Norma del vettore g: 20.000000000000007
⚠️ Errore numerico: Autovalori troppo piccoli in Sigma. Uso la pseudo-inversa.
Strategy: mean_rev, portfolio variance: 5.14664124464406e-07
Norma del vettore g non è uguale a sqrt(N): 43.7557910399115
Norma del vettore g: 20.000000000000007
⚠️ Errore numerico: Autovalori troppo piccoli in Sigma. Uso la pseudo-inversa.
Strategy: mean_rev, portfolio variance: 3.5398238021575623e-15
Norma del vettore g non è uguale a sqrt(N): 43.7557910399115
Norma del vettore g: 20.000000000000007
⚠️ Errore numerico: Autovalori troppo piccoli in Sigma. Uso la pseudo-inversa.
Strategy: mean_rev, portfolio variance: 3.884264046476876e-12
Norma del vettore g non è uguale a sqrt(N): 43.7557910399115
Norma del vettore g: 20.000000000000007
Strategy: mean_rev, portfolio variance: 7.561607102369778e-07
Norma del vettore g non è uguale a sqrt(N): 43.7557910399115
Norma del vettore g: 20.000000000000007
Strategy: mean_rev, portfolio variance: 7.894101774446767e-07
Norma del vettore g non è uguale a sqrt(N): 43.7557910399115
Norma del vettore g: 20.000000000000007
⚠️ Errore numerico: Autovalori troppo piccoli in Sigma. Uso la pseudo-inversa.
Strategy: mean_rev, portfolio variance: 1.865890284803584e-07
Norma del vettore g non è uguale a sqrt(N): 43.7557910399115
Norma del vettore g: 20.000000000000007
Strategy: mean_rev, portfolio variance: 1.0241406992375335e-06
Norma del vettore g non è uguale a sqrt(N): 43.7557910399115
Norma del vettore g: 20.000000000000007
Strategy: mean_rev, portfolio variance: 1.0873206627734833e-06
Norma del vettore g: 20.0
⚠️ Errore numerico: Autovalori troppo piccoli in Sigma. Uso la pseudo-inversa.
Strategy: rnd     , portfolio variance: 7.903771785920539e-15
Norma del vettore g: 20.000000000000007
⚠️ Errore numerico: Autovalori troppo piccoli in Sigma. Uso la pseudo-inversa.
Strategy: rnd     , portfolio variance: 3.1922226105469953e-14
Norma del vettore g: 20.000000000000004
⚠️ Errore numerico: Autovalori troppo piccoli in Sigma. Uso la pseudo-inversa.
Strategy: rnd     , portfolio variance: 3.646807675956035e-10
Norma del vettore g: 19.999999999999996
Strategy: rnd     , portfolio variance: 6.083979170298568e-07
Norma del vettore g: 20.000000000000004
Strategy: rnd     , portfolio variance: 2.4124176177042077e-07
Norma del vettore g: 20.000000000000004
⚠️ Errore numerico: Autovalori troppo piccoli in Sigma. Uso la pseudo-inversa.
Strategy: rnd     , portfolio variance: -3.300367186657222e-31
Norma del vettore g: 20.000000000000007
Strategy: rnd     , portfolio variance: 1.5156159557708844e-14
Norma del vettore g: 20.000000000000014
Strategy: rnd     , portfolio variance: 2.7452933196976927e-13
[======================                                                ] 31.58%
Norma del vettore g: 20.0
Strategy: min_var , portfolio variance: 7.076177387012511e-06
Norma del vettore g: 20.0
⚠️ Errore numerico: Autovalori troppo piccoli in Sigma. Uso la pseudo-inversa.
Strategy: min_var , portfolio variance: 2.2070213731516618e-13
Norma del vettore g: 20.0
⚠️ Errore numerico: Autovalori troppo piccoli in Sigma. Uso la pseudo-inversa.
Strategy: min_var , portfolio variance: 2.2120236093054026e-13
Norma del vettore g: 20.0
Strategy: min_var , portfolio variance: 5.513671970498264e-07
Norma del vettore g: 20.0
Strategy: min_var , portfolio variance: 1.175337475815578e-05
Norma del vettore g: 20.0
Strategy: min_var , portfolio variance: 0.11670835230798968
Norma del vettore g: 20.0
Strategy: min_var , portfolio variance: 2.3448044400628783e-05
Norma del vettore g: 20.0
Strategy: min_var , portfolio variance: 2.547196462391088e-05
Norma del vettore g non è uguale a sqrt(N): 41.618829991959366
Norma del vettore g: 19.999999999999996
Strategy: omn     , portfolio variance: 5.088006068829639e-07
Norma del vettore g non è uguale a sqrt(N): 41.618829991959366
Norma del vettore g: 19.999999999999996
⚠️ Errore numerico: Autovalori troppo piccoli in Sigma. Uso la pseudo-inversa.
Strategy: omn     , portfolio variance: 6.264545880467812e-12
Norma del vettore g non è uguale a sqrt(N): 41.618829991959366
Norma del vettore g: 19.999999999999996
⚠️ Errore numerico: Autovalori troppo piccoli in Sigma. Uso la pseudo-inversa.
Strategy: omn     , portfolio variance: 6.186957632373078e-12
Norma del vettore g non è uguale a sqrt(N): 41.618829991959366
Norma del vettore g: 19.999999999999996
Strategy: omn     , portfolio variance: 8.003785144301946e-07
Norma del vettore g non è uguale a sqrt(N): 41.618829991959366
Norma del vettore g: 19.999999999999996
Strategy: omn     , portfolio variance: 7.24236965100306e-07
Norma del vettore g non è uguale a sqrt(N): 41.618829991959366
Norma del vettore g: 19.999999999999996
Strategy: omn     , portfolio variance: 0.0024116895264488453
Norma del vettore g non è uguale a sqrt(N): 41.618829991959366
Norma del vettore g: 19.999999999999996
Strategy: omn     , portfolio variance: 1.1911057238200795e-06
Norma del vettore g non è uguale a sqrt(N): 41.618829991959366
Norma del vettore g: 19.999999999999996
Strategy: omn     , portfolio variance: 1.2100848705381012e-06
Norma del vettore g non è uguale a sqrt(N): 41.618829991959366
Norma del vettore g: 19.999999999999996
Strategy: mean_rev, portfolio variance: 5.088006068829639e-07
Norma del vettore g non è uguale a sqrt(N): 41.618829991959366
Norma del vettore g: 19.999999999999996
⚠️ Errore numerico: Autovalori troppo piccoli in Sigma. Uso la pseudo-inversa.
Strategy: mean_rev, portfolio variance: 6.264545880467812e-12
Norma del vettore g non è uguale a sqrt(N): 41.618829991959366
Norma del vettore g: 19.999999999999996
⚠️ Errore numerico: Autovalori troppo piccoli in Sigma. Uso la pseudo-inversa.
Strategy: mean_rev, portfolio variance: 6.186957632373078e-12
Norma del vettore g non è uguale a sqrt(N): 41.618829991959366
Norma del vettore g: 19.999999999999996
Strategy: mean_rev, portfolio variance: 8.003785144301946e-07
Norma del vettore g non è uguale a sqrt(N): 41.618829991959366
Norma del vettore g: 19.999999999999996
Strategy: mean_rev, portfolio variance: 7.24236965100306e-07
Norma del vettore g non è uguale a sqrt(N): 41.618829991959366
Norma del vettore g: 19.999999999999996
Strategy: mean_rev, portfolio variance: 0.0024116895264488453
Norma del vettore g non è uguale a sqrt(N): 41.618829991959366
Norma del vettore g: 19.999999999999996
Strategy: mean_rev, portfolio variance: 1.1911057238200795e-06
Norma del vettore g non è uguale a sqrt(N): 41.618829991959366
Norma del vettore g: 19.999999999999996
Strategy: mean_rev, portfolio variance: 1.2100848705381012e-06
Norma del vettore g: 19.999999999999996
Strategy: rnd     , portfolio variance: 6.266632755887608e-08
Norma del vettore g: 19.999999999999996
⚠️ Errore numerico: Autovalori troppo piccoli in Sigma. Uso la pseudo-inversa.
Strategy: rnd     , portfolio variance: 3.1217214752879146e-09
Norma del vettore g: 20.0
⚠️ Errore numerico: Autovalori troppo piccoli in Sigma. Uso la pseudo-inversa.
Strategy: rnd     , portfolio variance: 5.241799375634075e-11
Norma del vettore g: 20.000000000000004
Strategy: rnd     , portfolio variance: 5.605965271096363e-07
Norma del vettore g: 20.000000000000004
Strategy: rnd     , portfolio variance: 2.0416849464458418e-07
Norma del vettore g: 20.000000000000007
Strategy: rnd     , portfolio variance: 0.0007285943119257653
Norma del vettore g: 20.0
Strategy: rnd     , portfolio variance: 1.4444341265865079e-07
Norma del vettore g: 20.000000000000004
Strategy: rnd     , portfolio variance: 8.954981430595695e-08
[=========================                                             ] 36.84%
Norma del vettore g: 20.0
Strategy: min_var , portfolio variance: 6.754570523505368e-06
Norma del vettore g: 20.0
Strategy: min_var , portfolio variance: 3.867691459332292e-13
Norma del vettore g: 20.0
Strategy: min_var , portfolio variance: 3.8743779463700313e-13
Norma del vettore g: 20.0
Strategy: min_var , portfolio variance: 3.9968664753864224e-07
Norma del vettore g: 20.0
Strategy: min_var , portfolio variance: 9.52302565812125e-06
Norma del vettore g: 20.0
Strategy: min_var , portfolio variance: 0.08858914285393174
Norma del vettore g: 20.0
Strategy: min_var , portfolio variance: 2.0309809926716438e-05
Norma del vettore g: 20.0
Strategy: min_var , portfolio variance: 2.1725348956123186e-05
Norma del vettore g non è uguale a sqrt(N): 89.38125375879697
Norma del vettore g: 20.000000000000007
Strategy: omn     , portfolio variance: 1.446307444630893e-06
Norma del vettore g non è uguale a sqrt(N): 89.38125375879697
Norma del vettore g: 20.000000000000007
Strategy: omn     , portfolio variance: 8.830074856971905e-13
Norma del vettore g non è uguale a sqrt(N): 89.38125375879697
Norma del vettore g: 20.000000000000007
Strategy: omn     , portfolio variance: 8.837652929626449e-13
Norma del vettore g non è uguale a sqrt(N): 89.38125375879697
Norma del vettore g: 20.000000000000007
Strategy: omn     , portfolio variance: 6.845583936608324e-07
Norma del vettore g non è uguale a sqrt(N): 89.38125375879697
Norma del vettore g: 20.000000000000007
Strategy: omn     , portfolio variance: 1.8995900769724925e-06
Norma del vettore g non è uguale a sqrt(N): 89.38125375879697
Norma del vettore g: 20.000000000000007
Strategy: omn     , portfolio variance: 0.004995970394571994
Norma del vettore g non è uguale a sqrt(N): 89.38125375879697
Norma del vettore g: 20.000000000000007
Strategy: omn     , portfolio variance: 3.4394861440296533e-06
Norma del vettore g non è uguale a sqrt(N): 89.38125375879697
Norma del vettore g: 20.000000000000007
Strategy: omn     , portfolio variance: 3.7653346513999137e-06
Norma del vettore g non è uguale a sqrt(N): 89.38125375879697
Norma del vettore g: 20.000000000000007
Strategy: mean_rev, portfolio variance: 1.446307444630893e-06
Norma del vettore g non è uguale a sqrt(N): 89.38125375879697
Norma del vettore g: 20.000000000000007
Strategy: mean_rev, portfolio variance: 8.830074856971905e-13
Norma del vettore g non è uguale a sqrt(N): 89.38125375879697
Norma del vettore g: 20.000000000000007
Strategy: mean_rev, portfolio variance: 8.837652929626449e-13
Norma del vettore g non è uguale a sqrt(N): 89.38125375879697
Norma del vettore g: 20.000000000000007
Strategy: mean_rev, portfolio variance: 6.845583936608324e-07
Norma del vettore g non è uguale a sqrt(N): 89.38125375879697
Norma del vettore g: 20.000000000000007
Strategy: mean_rev, portfolio variance: 1.8995900769724925e-06
Norma del vettore g non è uguale a sqrt(N): 89.38125375879697
Norma del vettore g: 20.000000000000007
Strategy: mean_rev, portfolio variance: 0.004995970394571994
Norma del vettore g non è uguale a sqrt(N): 89.38125375879697
Norma del vettore g: 20.000000000000007
Strategy: mean_rev, portfolio variance: 3.4394861440296533e-06
Norma del vettore g non è uguale a sqrt(N): 89.38125375879697
Norma del vettore g: 20.000000000000007
Strategy: mean_rev, portfolio variance: 3.7653346513999137e-06
Norma del vettore g: 19.999999999999993
Strategy: rnd     , portfolio variance: 3.9172905213872096e-08
Norma del vettore g: 20.000000000000007
Strategy: rnd     , portfolio variance: 1.5512053999858933e-10
Norma del vettore g: 20.0
Strategy: rnd     , portfolio variance: 1.8478287006749924e-09
Norma del vettore g: 19.999999999999993
Strategy: rnd     , portfolio variance: 3.883548720531335e-07
Norma del vettore g: 20.0
Strategy: rnd     , portfolio variance: 1.630974912260458e-07
Norma del vettore g: 20.000000000000004
Strategy: rnd     , portfolio variance: 0.001324935139350219
Norma del vettore g: 20.0
Strategy: rnd     , portfolio variance: 1.732888111312203e-07
Norma del vettore g: 19.999999999999993
Strategy: rnd     , portfolio variance: 1.554948105874367e-07
[=============================                                         ] 42.11%
Norma del vettore g: 20.0
Strategy: min_var , portfolio variance: 8.001652628239326e-06
Norma del vettore g: 20.0
Strategy: min_var , portfolio variance: 3.351157857348971e-13
Norma del vettore g: 20.0
Strategy: min_var , portfolio variance: 3.393001212401867e-13
Norma del vettore g: 20.0
Strategy: min_var , portfolio variance: 4.21379549247517e-07
Norma del vettore g: 20.0
Strategy: min_var , portfolio variance: 1.2019364182083083e-05
Norma del vettore g: 20.0
Strategy: min_var , portfolio variance: 0.09196654165598905
Norma del vettore g: 20.0
Strategy: min_var , portfolio variance: 2.6113745689702598e-05
Norma del vettore g: 20.0
Strategy: min_var , portfolio variance: 2.81293603469008e-05
Norma del vettore g non è uguale a sqrt(N): 43.97337916080963
Norma del vettore g: 20.000000000000004
Strategy: omn     , portfolio variance: 4.964507189356118e-07
Norma del vettore g non è uguale a sqrt(N): 43.97337916080963
Norma del vettore g: 20.000000000000004
Strategy: omn     , portfolio variance: 1.5824826400307397e-12
Norma del vettore g non è uguale a sqrt(N): 43.97337916080963
Norma del vettore g: 20.000000000000004
Strategy: omn     , portfolio variance: 1.5981348895038484e-12
Norma del vettore g non è uguale a sqrt(N): 43.97337916080963
Norma del vettore g: 20.000000000000004
Strategy: omn     , portfolio variance: 6.319405206238715e-07
Norma del vettore g non è uguale a sqrt(N): 43.97337916080963
Norma del vettore g: 20.000000000000004
Strategy: omn     , portfolio variance: 7.096394679544275e-07
Norma del vettore g non è uguale a sqrt(N): 43.97337916080963
Norma del vettore g: 20.000000000000004
Strategy: omn     , portfolio variance: 0.002810492959155016
Norma del vettore g non è uguale a sqrt(N): 43.97337916080963
Norma del vettore g: 20.000000000000004
Strategy: omn     , portfolio variance: 9.839150478223573e-07
Norma del vettore g non è uguale a sqrt(N): 43.97337916080963
Norma del vettore g: 20.000000000000004
Strategy: omn     , portfolio variance: 1.0192212987376288e-06
Norma del vettore g non è uguale a sqrt(N): 43.97337916080963
Norma del vettore g: 20.000000000000004
Strategy: mean_rev, portfolio variance: 4.964507189356118e-07
Norma del vettore g non è uguale a sqrt(N): 43.97337916080963
Norma del vettore g: 20.000000000000004
Strategy: mean_rev, portfolio variance: 1.5824826400307397e-12
Norma del vettore g non è uguale a sqrt(N): 43.97337916080963
Norma del vettore g: 20.000000000000004
Strategy: mean_rev, portfolio variance: 1.5981348895038484e-12
Norma del vettore g non è uguale a sqrt(N): 43.97337916080963
Norma del vettore g: 20.000000000000004
Strategy: mean_rev, portfolio variance: 6.319405206238715e-07
Norma del vettore g non è uguale a sqrt(N): 43.97337916080963
Norma del vettore g: 20.000000000000004
Strategy: mean_rev, portfolio variance: 7.096394679544275e-07
Norma del vettore g non è uguale a sqrt(N): 43.97337916080963
Norma del vettore g: 20.000000000000004
Strategy: mean_rev, portfolio variance: 0.002810492959155016
Norma del vettore g non è uguale a sqrt(N): 43.97337916080963
Norma del vettore g: 20.000000000000004
Strategy: mean_rev, portfolio variance: 9.839150478223573e-07
Norma del vettore g non è uguale a sqrt(N): 43.97337916080963
Norma del vettore g: 20.000000000000004
Strategy: mean_rev, portfolio variance: 1.0192212987376288e-06
Norma del vettore g: 19.999999999999993
Strategy: rnd     , portfolio variance: 7.453867510918375e-08
Norma del vettore g: 20.000000000000004
Strategy: rnd     , portfolio variance: 2.5113270578217057e-11
Norma del vettore g: 20.000000000000004
Strategy: rnd     , portfolio variance: 1.7944475479942334e-11
Norma del vettore g: 20.000000000000004
Strategy: rnd     , portfolio variance: 4.319350291781098e-07
Norma del vettore g: 20.000000000000004
Strategy: rnd     , portfolio variance: 1.701332502301282e-07
Norma del vettore g: 20.000000000000004
Strategy: rnd     , portfolio variance: 0.0011876049935922845
Norma del vettore g: 20.000000000000004
Strategy: rnd     , portfolio variance: 1.4971023052833209e-07
Norma del vettore g: 19.999999999999996
Strategy: rnd     , portfolio variance: 1.7535700823967856e-07
[=================================                                     ] 47.37%
Norma del vettore g: 20.0
Strategy: min_var , portfolio variance: 8.653313589096015e-06
Norma del vettore g: 20.0
Strategy: min_var , portfolio variance: 3.5229510485346803e-13
Norma del vettore g: 20.0
Strategy: min_var , portfolio variance: 3.609341541806638e-13
Norma del vettore g: 20.0
Strategy: min_var , portfolio variance: 4.526603970575435e-07
Norma del vettore g: 20.0
Strategy: min_var , portfolio variance: 1.3860704116200193e-05
Norma del vettore g: 20.0
Strategy: min_var , portfolio variance: 0.09360730153418181
Norma del vettore g: 20.0
Strategy: min_var , portfolio variance: 2.7998221065173923e-05
Norma del vettore g: 20.0
Strategy: min_var , portfolio variance: 2.9934449169658118e-05
Norma del vettore g non è uguale a sqrt(N): 46.70646104008763
Norma del vettore g: 19.999999999999996
Strategy: omn     , portfolio variance: 5.607164876767984e-07
Norma del vettore g non è uguale a sqrt(N): 46.70646104008763
Norma del vettore g: 19.999999999999996
Strategy: omn     , portfolio variance: 1.914966056772644e-12
Norma del vettore g non è uguale a sqrt(N): 46.70646104008763
Norma del vettore g: 19.999999999999996
Strategy: omn     , portfolio variance: 1.9448824496926663e-12
Norma del vettore g non è uguale a sqrt(N): 46.70646104008763
Norma del vettore g: 19.999999999999996
Strategy: omn     , portfolio variance: 7.555047420473344e-07
Norma del vettore g non è uguale a sqrt(N): 46.70646104008763
Norma del vettore g: 19.999999999999996
Strategy: omn     , portfolio variance: 8.385017398923425e-07
Norma del vettore g non è uguale a sqrt(N): 46.70646104008763
Norma del vettore g: 19.999999999999996
Strategy: omn     , portfolio variance: 0.0030324918745490946
Norma del vettore g non è uguale a sqrt(N): 46.70646104008763
Norma del vettore g: 19.999999999999996
Strategy: omn     , portfolio variance: 1.3029929450549553e-06
Norma del vettore g non è uguale a sqrt(N): 46.70646104008763
Norma del vettore g: 19.999999999999996
Strategy: omn     , portfolio variance: 1.3644031704919333e-06
Norma del vettore g non è uguale a sqrt(N): 46.70646104008763
Norma del vettore g: 19.999999999999996
Strategy: mean_rev, portfolio variance: 5.607164876767984e-07
Norma del vettore g non è uguale a sqrt(N): 46.70646104008763
Norma del vettore g: 19.999999999999996
Strategy: mean_rev, portfolio variance: 1.914966056772644e-12
Norma del vettore g non è uguale a sqrt(N): 46.70646104008763
Norma del vettore g: 19.999999999999996
Strategy: mean_rev, portfolio variance: 1.9448824496926663e-12
Norma del vettore g non è uguale a sqrt(N): 46.70646104008763
Norma del vettore g: 19.999999999999996
Strategy: mean_rev, portfolio variance: 7.555047420473344e-07
Norma del vettore g non è uguale a sqrt(N): 46.70646104008763
Norma del vettore g: 19.999999999999996
Strategy: mean_rev, portfolio variance: 8.385017398923425e-07
Norma del vettore g non è uguale a sqrt(N): 46.70646104008763
Norma del vettore g: 19.999999999999996
Strategy: mean_rev, portfolio variance: 0.0030324918745490946
Norma del vettore g non è uguale a sqrt(N): 46.70646104008763
Norma del vettore g: 19.999999999999996
Strategy: mean_rev, portfolio variance: 1.3029929450549553e-06
Norma del vettore g non è uguale a sqrt(N): 46.70646104008763
Norma del vettore g: 19.999999999999996
Strategy: mean_rev, portfolio variance: 1.3644031704919333e-06
Norma del vettore g: 20.0
Strategy: rnd     , portfolio variance: 6.889604627314051e-08
Norma del vettore g: 19.999999999999996
Strategy: rnd     , portfolio variance: 7.411835207690522e-10
Norma del vettore g: 20.0
Strategy: rnd     , portfolio variance: 9.910593017629174e-10
Norma del vettore g: 20.000000000000004
Strategy: rnd     , portfolio variance: 4.321081160471062e-07
Norma del vettore g: 19.999999999999993
Strategy: rnd     , portfolio variance: 1.673314415441421e-07
Norma del vettore g: 20.000000000000004
Strategy: rnd     , portfolio variance: 0.001176159480437661
Norma del vettore g: 20.000000000000007
Strategy: rnd     , portfolio variance: 1.5873518767170315e-07
Norma del vettore g: 20.000000000000004
Strategy: rnd     , portfolio variance: 1.5994024830133678e-07
[====================================                                  ] 52.63%
Norma del vettore g: 20.0
Strategy: min_var , portfolio variance: 8.561349726487087e-06
Norma del vettore g: 20.0
Strategy: min_var , portfolio variance: 4.3961960760384503e-13
Norma del vettore g: 20.0
Strategy: min_var , portfolio variance: 4.5182879099428597e-13
Norma del vettore g: 20.0
Strategy: min_var , portfolio variance: 4.457261727316305e-07
Norma del vettore g: 20.0
Strategy: min_var , portfolio variance: 1.3800783460305212e-05
Norma del vettore g: 20.0
Strategy: min_var , portfolio variance: 0.09087427168189155
Norma del vettore g: 20.0
Strategy: min_var , portfolio variance: 2.679455619587289e-05
Norma del vettore g: 20.0
Strategy: min_var , portfolio variance: 2.8827607247539755e-05
Norma del vettore g non è uguale a sqrt(N): 30.735391696928094
Norma del vettore g: 20.000000000000004
Strategy: omn     , portfolio variance: 3.1108334927332655e-07
Norma del vettore g non è uguale a sqrt(N): 30.735391696928094
Norma del vettore g: 20.000000000000004
Strategy: omn     , portfolio variance: 8.444351825114925e-11
Norma del vettore g non è uguale a sqrt(N): 30.735391696928094
Norma del vettore g: 20.000000000000004
Strategy: omn     , portfolio variance: 8.475392229861696e-11
Norma del vettore g non è uguale a sqrt(N): 30.735391696928094
Norma del vettore g: 20.000000000000004
Strategy: omn     , portfolio variance: 6.549721161348334e-07
Norma del vettore g non è uguale a sqrt(N): 30.735391696928094
Norma del vettore g: 20.000000000000004
Strategy: omn     , portfolio variance: 4.863577760004545e-07
Norma del vettore g non è uguale a sqrt(N): 30.735391696928094
Norma del vettore g: 20.000000000000004
Strategy: omn     , portfolio variance: 0.001980851668604353
Norma del vettore g non è uguale a sqrt(N): 30.735391696928094
Norma del vettore g: 20.000000000000004
Strategy: omn     , portfolio variance: 6.661709467343006e-07
Norma del vettore g non è uguale a sqrt(N): 30.735391696928094
Norma del vettore g: 20.000000000000004
Strategy: omn     , portfolio variance: 6.93058961197592e-07
Norma del vettore g non è uguale a sqrt(N): 30.735391696928094
Norma del vettore g: 20.000000000000004
Strategy: mean_rev, portfolio variance: 3.1108334927332655e-07
Norma del vettore g non è uguale a sqrt(N): 30.735391696928094
Norma del vettore g: 20.000000000000004
Strategy: mean_rev, portfolio variance: 8.444351825114925e-11
Norma del vettore g non è uguale a sqrt(N): 30.735391696928094
Norma del vettore g: 20.000000000000004
Strategy: mean_rev, portfolio variance: 8.475392229861696e-11
Norma del vettore g non è uguale a sqrt(N): 30.735391696928094
Norma del vettore g: 20.000000000000004
Strategy: mean_rev, portfolio variance: 6.549721161348334e-07
Norma del vettore g non è uguale a sqrt(N): 30.735391696928094
Norma del vettore g: 20.000000000000004
Strategy: mean_rev, portfolio variance: 4.863577760004545e-07
Norma del vettore g non è uguale a sqrt(N): 30.735391696928094
Norma del vettore g: 20.000000000000004
Strategy: mean_rev, portfolio variance: 0.001980851668604353
Norma del vettore g non è uguale a sqrt(N): 30.735391696928094
Norma del vettore g: 20.000000000000004
Strategy: mean_rev, portfolio variance: 6.661709467343006e-07
Norma del vettore g non è uguale a sqrt(N): 30.735391696928094
Norma del vettore g: 20.000000000000004
Strategy: mean_rev, portfolio variance: 6.93058961197592e-07
Norma del vettore g: 20.0
Strategy: rnd     , portfolio variance: 6.30047654039047e-08
Norma del vettore g: 19.999999999999993
Strategy: rnd     , portfolio variance: 8.784963955758583e-10
Norma del vettore g: 20.0
Strategy: rnd     , portfolio variance: 1.588020470273583e-10
Norma del vettore g: 19.999999999999993
Strategy: rnd     , portfolio variance: 4.4608465192467275e-07
Norma del vettore g: 20.0
Strategy: rnd     , portfolio variance: 1.7307638027618595e-07
Norma del vettore g: 20.000000000000004
Strategy: rnd     , portfolio variance: 0.001213983735731202
Norma del vettore g: 20.000000000000004
Strategy: rnd     , portfolio variance: 1.2922551516952195e-07
Norma del vettore g: 19.999999999999996
Strategy: rnd     , portfolio variance: 1.819831507969478e-07
[========================================                              ] 57.89%
Norma del vettore g: 20.0
Strategy: min_var , portfolio variance: 9.742179605278056e-06
Norma del vettore g: 20.0
Strategy: min_var , portfolio variance: 5.232670524667949e-13
Norma del vettore g: 20.0
Strategy: min_var , portfolio variance: 5.369258431171549e-13
Norma del vettore g: 20.0
Strategy: min_var , portfolio variance: 4.729847398571193e-07
Norma del vettore g: 20.0
Strategy: min_var , portfolio variance: 1.4995408948200811e-05
Norma del vettore g: 20.0
Strategy: min_var , portfolio variance: 0.08840623326978816
Norma del vettore g: 20.0
Strategy: min_var , portfolio variance: 3.128639964942478e-05
Norma del vettore g: 20.0
Strategy: min_var , portfolio variance: 3.261620269377217e-05
Norma del vettore g non è uguale a sqrt(N): 37.56156648480506
Norma del vettore g: 20.0
Strategy: omn     , portfolio variance: 4.625140038517018e-07
Norma del vettore g non è uguale a sqrt(N): 37.56156648480506
Norma del vettore g: 20.0
Strategy: omn     , portfolio variance: 4.031734691766057e-11
Norma del vettore g non è uguale a sqrt(N): 37.56156648480506
Norma del vettore g: 20.0
Strategy: omn     , portfolio variance: 4.098184384265262e-11
Norma del vettore g non è uguale a sqrt(N): 37.56156648480506
Norma del vettore g: 20.0
Strategy: omn     , portfolio variance: 9.534429846500101e-07
Norma del vettore g non è uguale a sqrt(N): 37.56156648480506
Norma del vettore g: 20.0
Strategy: omn     , portfolio variance: 6.922052246873291e-07
Norma del vettore g non è uguale a sqrt(N): 37.56156648480506
Norma del vettore g: 20.0
Strategy: omn     , portfolio variance: 0.001912154360534712
Norma del vettore g non è uguale a sqrt(N): 37.56156648480506
Norma del vettore g: 20.0
Strategy: omn     , portfolio variance: 1.015827464712548e-06
Norma del vettore g non è uguale a sqrt(N): 37.56156648480506
Norma del vettore g: 20.0
Strategy: omn     , portfolio variance: 1.075441245594918e-06
Norma del vettore g non è uguale a sqrt(N): 37.56156648480506
Norma del vettore g: 20.0
Strategy: mean_rev, portfolio variance: 4.625140038517018e-07
Norma del vettore g non è uguale a sqrt(N): 37.56156648480506
Norma del vettore g: 20.0
Strategy: mean_rev, portfolio variance: 4.031734691766057e-11
Norma del vettore g non è uguale a sqrt(N): 37.56156648480506
Norma del vettore g: 20.0
Strategy: mean_rev, portfolio variance: 4.098184384265262e-11
Norma del vettore g non è uguale a sqrt(N): 37.56156648480506
Norma del vettore g: 20.0
Strategy: mean_rev, portfolio variance: 9.534429846500101e-07
Norma del vettore g non è uguale a sqrt(N): 37.56156648480506
Norma del vettore g: 20.0
Strategy: mean_rev, portfolio variance: 6.922052246873291e-07
Norma del vettore g non è uguale a sqrt(N): 37.56156648480506
Norma del vettore g: 20.0
Strategy: mean_rev, portfolio variance: 0.001912154360534712
Norma del vettore g non è uguale a sqrt(N): 37.56156648480506
Norma del vettore g: 20.0
Strategy: mean_rev, portfolio variance: 1.015827464712548e-06
Norma del vettore g non è uguale a sqrt(N): 37.56156648480506
Norma del vettore g: 20.0
Strategy: mean_rev, portfolio variance: 1.075441245594918e-06
Norma del vettore g: 19.999999999999996
Strategy: rnd     , portfolio variance: 6.605671887356368e-08
Norma del vettore g: 20.0
Strategy: rnd     , portfolio variance: 2.0082807407561117e-09
Norma del vettore g: 20.0
Strategy: rnd     , portfolio variance: 5.783919797670357e-08
Norma del vettore g: 20.0
Strategy: rnd     , portfolio variance: 4.794614960235986e-07
Norma del vettore g: 20.000000000000007
Strategy: rnd     , portfolio variance: 1.745861530635975e-07
Norma del vettore g: 20.0
Strategy: rnd     , portfolio variance: 0.0012378970636222736
Norma del vettore g: 19.999999999999996
Strategy: rnd     , portfolio variance: 1.4644304627012608e-07
Norma del vettore g: 19.999999999999993
Strategy: rnd     , portfolio variance: 1.5963422239147933e-07
[============================================                          ] 63.16%
Norma del vettore g: 20.0
Strategy: min_var , portfolio variance: 9.061511283842236e-06
Norma del vettore g: 20.0
Strategy: min_var , portfolio variance: 7.119530700100747e-13
Norma del vettore g: 20.0
Strategy: min_var , portfolio variance: 7.271676879757264e-13
Norma del vettore g: 20.0
Strategy: min_var , portfolio variance: 4.946472773923437e-07
Norma del vettore g: 20.0
Strategy: min_var , portfolio variance: 1.343190005446287e-05
Norma del vettore g: 20.0
Strategy: min_var , portfolio variance: 0.07556447092398212
Norma del vettore g: 20.0
Strategy: min_var , portfolio variance: 3.1130490141871326e-05
Norma del vettore g: 20.0
Strategy: min_var , portfolio variance: 3.277993232030393e-05
Norma del vettore g non è uguale a sqrt(N): 48.01766087005583
Norma del vettore g: 20.000000000000007
Strategy: omn     , portfolio variance: 6.290276746553104e-07
Norma del vettore g non è uguale a sqrt(N): 48.01766087005583
Norma del vettore g: 20.000000000000007
Strategy: omn     , portfolio variance: 5.0816481268550535e-11
Norma del vettore g non è uguale a sqrt(N): 48.01766087005583
Norma del vettore g: 20.000000000000007
Strategy: omn     , portfolio variance: 5.170714116847249e-11
Norma del vettore g non è uguale a sqrt(N): 48.01766087005583
Norma del vettore g: 20.000000000000007
Strategy: omn     , portfolio variance: 5.839190491637256e-07
Norma del vettore g non è uguale a sqrt(N): 48.01766087005583
Norma del vettore g: 20.000000000000007
Strategy: omn     , portfolio variance: 8.836083892163641e-07
Norma del vettore g non è uguale a sqrt(N): 48.01766087005583
Norma del vettore g: 20.000000000000007
Strategy: omn     , portfolio variance: 0.002930308015583421
Norma del vettore g non è uguale a sqrt(N): 48.01766087005583
Norma del vettore g: 20.000000000000007
Strategy: omn     , portfolio variance: 1.474071873075535e-06
Norma del vettore g non è uguale a sqrt(N): 48.01766087005583
Norma del vettore g: 20.000000000000007
Strategy: omn     , portfolio variance: 1.4668866923338367e-06
Norma del vettore g non è uguale a sqrt(N): 48.01766087005583
Norma del vettore g: 20.000000000000007
Strategy: mean_rev, portfolio variance: 6.290276746553104e-07
Norma del vettore g non è uguale a sqrt(N): 48.01766087005583
Norma del vettore g: 20.000000000000007
Strategy: mean_rev, portfolio variance: 5.0816481268550535e-11
Norma del vettore g non è uguale a sqrt(N): 48.01766087005583
Norma del vettore g: 20.000000000000007
Strategy: mean_rev, portfolio variance: 5.170714116847249e-11
Norma del vettore g non è uguale a sqrt(N): 48.01766087005583
Norma del vettore g: 20.000000000000007
Strategy: mean_rev, portfolio variance: 5.839190491637256e-07
Norma del vettore g non è uguale a sqrt(N): 48.01766087005583
Norma del vettore g: 20.000000000000007
Strategy: mean_rev, portfolio variance: 8.836083892163641e-07
Norma del vettore g non è uguale a sqrt(N): 48.01766087005583
Norma del vettore g: 20.000000000000007
Strategy: mean_rev, portfolio variance: 0.002930308015583421
Norma del vettore g non è uguale a sqrt(N): 48.01766087005583
Norma del vettore g: 20.000000000000007
Strategy: mean_rev, portfolio variance: 1.474071873075535e-06
Norma del vettore g non è uguale a sqrt(N): 48.01766087005583
Norma del vettore g: 20.000000000000007
Strategy: mean_rev, portfolio variance: 1.4668866923338367e-06
Norma del vettore g: 20.000000000000007
Strategy: rnd     , portfolio variance: 6.363745005866875e-08
Norma del vettore g: 20.0
Strategy: rnd     , portfolio variance: 5.614377157759069e-10
Norma del vettore g: 19.999999999999996
Strategy: rnd     , portfolio variance: 1.374669874518394e-09
Norma del vettore g: 20.000000000000007
Strategy: rnd     , portfolio variance: 5.295791316616121e-07
Norma del vettore g: 19.999999999999996
Strategy: rnd     , portfolio variance: 1.914594675365866e-07
Norma del vettore g: 20.000000000000004
Strategy: rnd     , portfolio variance: 0.001298814606557262
Norma del vettore g: 20.000000000000007
Strategy: rnd     , portfolio variance: 1.7475483938827549e-07
Norma del vettore g: 19.999999999999996
Strategy: rnd     , portfolio variance: 1.731509977570374e-07
[===============================================                       ] 68.42%
Norma del vettore g: 20.0
Strategy: min_var , portfolio variance: 8.47999711294719e-06
Norma del vettore g: 20.0
Strategy: min_var , portfolio variance: 9.175433149626088e-13
Norma del vettore g: 20.0
Strategy: min_var , portfolio variance: 9.290548043072384e-13
Norma del vettore g: 20.0
Strategy: min_var , portfolio variance: 4.735239985670833e-07
Norma del vettore g: 20.0
Strategy: min_var , portfolio variance: 1.2783739867360052e-05
Norma del vettore g: 20.0
Strategy: min_var , portfolio variance: 0.07201513443268362
Norma del vettore g: 20.0
Strategy: min_var , portfolio variance: 2.994989810420935e-05
Norma del vettore g: 20.0
Strategy: min_var , portfolio variance: 3.07740970191994e-05
Norma del vettore g non è uguale a sqrt(N): 59.41865719290358
Norma del vettore g: 20.0
Strategy: omn     , portfolio variance: 9.037895790472028e-07
Norma del vettore g non è uguale a sqrt(N): 59.41865719290358
Norma del vettore g: 20.0
Strategy: omn     , portfolio variance: 6.274503831172728e-12
Norma del vettore g non è uguale a sqrt(N): 59.41865719290358
Norma del vettore g: 20.0
Strategy: omn     , portfolio variance: 6.4270209307883425e-12
Norma del vettore g non è uguale a sqrt(N): 59.41865719290358
Norma del vettore g: 20.0
Strategy: omn     , portfolio variance: 6.464506059551624e-07
Norma del vettore g non è uguale a sqrt(N): 59.41865719290358
Norma del vettore g: 20.0
Strategy: omn     , portfolio variance: 1.2272282652963627e-06
Norma del vettore g non è uguale a sqrt(N): 59.41865719290358
Norma del vettore g: 20.0
Strategy: omn     , portfolio variance: 0.004154530500451352
Norma del vettore g non è uguale a sqrt(N): 59.41865719290358
Norma del vettore g: 20.0
Strategy: omn     , portfolio variance: 1.7611662605215872e-06
Norma del vettore g non è uguale a sqrt(N): 59.41865719290358
Norma del vettore g: 20.0
Strategy: omn     , portfolio variance: 1.7792676082595742e-06
Norma del vettore g non è uguale a sqrt(N): 59.41865719290358
Norma del vettore g: 20.0
Strategy: mean_rev, portfolio variance: 9.037895790472028e-07
Norma del vettore g non è uguale a sqrt(N): 59.41865719290358
Norma del vettore g: 20.0
Strategy: mean_rev, portfolio variance: 6.274503831172728e-12
Norma del vettore g non è uguale a sqrt(N): 59.41865719290358
Norma del vettore g: 20.0
Strategy: mean_rev, portfolio variance: 6.4270209307883425e-12
Norma del vettore g non è uguale a sqrt(N): 59.41865719290358
Norma del vettore g: 20.0
Strategy: mean_rev, portfolio variance: 6.464506059551624e-07
Norma del vettore g non è uguale a sqrt(N): 59.41865719290358
Norma del vettore g: 20.0
Strategy: mean_rev, portfolio variance: 1.2272282652963627e-06
Norma del vettore g non è uguale a sqrt(N): 59.41865719290358
Norma del vettore g: 20.0
Strategy: mean_rev, portfolio variance: 0.004154530500451352
Norma del vettore g non è uguale a sqrt(N): 59.41865719290358
Norma del vettore g: 20.0
Strategy: mean_rev, portfolio variance: 1.7611662605215872e-06
Norma del vettore g non è uguale a sqrt(N): 59.41865719290358
Norma del vettore g: 20.0
Strategy: mean_rev, portfolio variance: 1.7792676082595742e-06
Norma del vettore g: 20.0
Strategy: rnd     , portfolio variance: 6.924339877953395e-08
Norma del vettore g: 20.000000000000007
Strategy: rnd     , portfolio variance: 1.6171601916770934e-10
Norma del vettore g: 19.999999999999996
Strategy: rnd     , portfolio variance: 2.730102311627606e-10
Norma del vettore g: 20.000000000000004
Strategy: rnd     , portfolio variance: 4.650978332543045e-07
Norma del vettore g: 19.999999999999996
Strategy: rnd     , portfolio variance: 1.7811070450196767e-07
Norma del vettore g: 20.000000000000004
Strategy: rnd     , portfolio variance: 0.001313286146187321
Norma del vettore g: 20.00000000000001
Strategy: rnd     , portfolio variance: 1.6862511272276948e-07
Norma del vettore g: 20.0
Strategy: rnd     , portfolio variance: 1.6728881732831895e-07
[===================================================                   ] 73.68%
Norma del vettore g: 20.0
Strategy: min_var , portfolio variance: 1.6370655053090866e-05
Norma del vettore g: 20.0
Strategy: min_var , portfolio variance: 4.82453895988685e-13
Norma del vettore g: 20.0
Strategy: min_var , portfolio variance: 5.022633928981517e-13
Norma del vettore g: 20.0
Strategy: min_var , portfolio variance: 1.0419092612866012e-06
Norma del vettore g: 20.0
Strategy: min_var , portfolio variance: 2.877290294770047e-05
Norma del vettore g: 20.0
Strategy: min_var , portfolio variance: 0.09040384935650703
Norma del vettore g: 20.0
Strategy: min_var , portfolio variance: 6.683383918184873e-05
Norma del vettore g: 20.0
Strategy: min_var , portfolio variance: 6.534288172611303e-05
Norma del vettore g non è uguale a sqrt(N): 40.56848494690373
Norma del vettore g: 20.000000000000007
Strategy: omn     , portfolio variance: 5.353690519419956e-07
Norma del vettore g non è uguale a sqrt(N): 40.56848494690373
Norma del vettore g: 20.000000000000007
Strategy: omn     , portfolio variance: 3.0776571962495603e-12
Norma del vettore g non è uguale a sqrt(N): 40.56848494690373
Norma del vettore g: 20.000000000000007
Strategy: omn     , portfolio variance: 3.215299919951076e-12
Norma del vettore g non è uguale a sqrt(N): 40.56848494690373
Norma del vettore g: 20.000000000000007
Strategy: omn     , portfolio variance: 1.2838114971493637e-06
Norma del vettore g non è uguale a sqrt(N): 40.56848494690373
Norma del vettore g: 20.000000000000007
Strategy: omn     , portfolio variance: 9.075184723199577e-07
Norma del vettore g non è uguale a sqrt(N): 40.56848494690373
Norma del vettore g: 20.000000000000007
Strategy: omn     , portfolio variance: 0.002481960024955731
Norma del vettore g non è uguale a sqrt(N): 40.56848494690373
Norma del vettore g: 20.000000000000007
Strategy: omn     , portfolio variance: 1.169540260384491e-06
Norma del vettore g non è uguale a sqrt(N): 40.56848494690373
Norma del vettore g: 20.000000000000007
Strategy: omn     , portfolio variance: 1.1937061792678534e-06
Norma del vettore g non è uguale a sqrt(N): 40.56848494690373
Norma del vettore g: 20.000000000000007
Strategy: mean_rev, portfolio variance: 5.353690519419956e-07
Norma del vettore g non è uguale a sqrt(N): 40.56848494690373
Norma del vettore g: 20.000000000000007
Strategy: mean_rev, portfolio variance: 3.0776571962495603e-12
Norma del vettore g non è uguale a sqrt(N): 40.56848494690373
Norma del vettore g: 20.000000000000007
Strategy: mean_rev, portfolio variance: 3.215299919951076e-12
Norma del vettore g non è uguale a sqrt(N): 40.56848494690373
Norma del vettore g: 20.000000000000007
Strategy: mean_rev, portfolio variance: 1.2838114971493637e-06
Norma del vettore g non è uguale a sqrt(N): 40.56848494690373
Norma del vettore g: 20.000000000000007
Strategy: mean_rev, portfolio variance: 9.075184723199577e-07
Norma del vettore g non è uguale a sqrt(N): 40.56848494690373
Norma del vettore g: 20.000000000000007
Strategy: mean_rev, portfolio variance: 0.002481960024955731
Norma del vettore g non è uguale a sqrt(N): 40.56848494690373
Norma del vettore g: 20.000000000000007
Strategy: mean_rev, portfolio variance: 1.169540260384491e-06
Norma del vettore g non è uguale a sqrt(N): 40.56848494690373
Norma del vettore g: 20.000000000000007
Strategy: mean_rev, portfolio variance: 1.1937061792678534e-06
Norma del vettore g: 19.999999999999996
Strategy: rnd     , portfolio variance: 9.149588151302621e-08
Norma del vettore g: 20.000000000000007
Strategy: rnd     , portfolio variance: 5.3205352242883295e-08
Norma del vettore g: 20.0
Strategy: rnd     , portfolio variance: 2.8189366982155383e-10
Norma del vettore g: 20.000000000000007
Strategy: rnd     , portfolio variance: 1.0556669802469986e-06
Norma del vettore g: 20.000000000000004
Strategy: rnd     , portfolio variance: 3.035861791147146e-07
Norma del vettore g: 20.000000000000004
Strategy: rnd     , portfolio variance: 0.0011439608480288783
Norma del vettore g: 20.0
Strategy: rnd     , portfolio variance: 2.2427365758947944e-07
Norma del vettore g: 20.0
Strategy: rnd     , portfolio variance: 2.5654937161934784e-07
[=======================================================               ] 78.95%
Norma del vettore g: 20.0
Strategy: min_var , portfolio variance: 1.718981538379986e-05
Norma del vettore g: 20.0
Strategy: min_var , portfolio variance: 5.679545263696186e-13
Norma del vettore g: 20.0
Strategy: min_var , portfolio variance: 5.952770506921034e-13
Norma del vettore g: 20.0
Strategy: min_var , portfolio variance: 1.103524067270831e-06
Norma del vettore g: 20.0
Strategy: min_var , portfolio variance: 2.9876144416175778e-05
Norma del vettore g: 20.0
Strategy: min_var , portfolio variance: 0.08943753395277379
Norma del vettore g: 20.0
Strategy: min_var , portfolio variance: 6.979796182376313e-05
Norma del vettore g: 20.0
Strategy: min_var , portfolio variance: 7.757673183195711e-05
Norma del vettore g non è uguale a sqrt(N): 52.96605655205466
Norma del vettore g: 19.999999999999996
Strategy: omn     , portfolio variance: 8.933409796369324e-07
Norma del vettore g non è uguale a sqrt(N): 52.96605655205466
Norma del vettore g: 19.999999999999996
Strategy: omn     , portfolio variance: 1.6750393108487216e-12
Norma del vettore g non è uguale a sqrt(N): 52.96605655205466
Norma del vettore g: 19.999999999999996
Strategy: omn     , portfolio variance: 1.7364057837943935e-12
Norma del vettore g non è uguale a sqrt(N): 52.96605655205466
Norma del vettore g: 19.999999999999996
Strategy: omn     , portfolio variance: 1.383703815932047e-06
Norma del vettore g non è uguale a sqrt(N): 52.96605655205466
Norma del vettore g: 19.999999999999996
Strategy: omn     , portfolio variance: 1.4736859079050661e-06
Norma del vettore g non è uguale a sqrt(N): 52.96605655205466
Norma del vettore g: 19.999999999999996
Strategy: omn     , portfolio variance: 0.0031456596221214285
Norma del vettore g non è uguale a sqrt(N): 52.96605655205466
Norma del vettore g: 19.999999999999996
Strategy: omn     , portfolio variance: 2.6078134765448506e-06
Norma del vettore g non è uguale a sqrt(N): 52.96605655205466
Norma del vettore g: 19.999999999999996
Strategy: omn     , portfolio variance: 2.7214156208609643e-06
Norma del vettore g non è uguale a sqrt(N): 52.96605655205466
Norma del vettore g: 19.999999999999996
Strategy: mean_rev, portfolio variance: 8.933409796369324e-07
Norma del vettore g non è uguale a sqrt(N): 52.96605655205466
Norma del vettore g: 19.999999999999996
Strategy: mean_rev, portfolio variance: 1.6750393108487216e-12
Norma del vettore g non è uguale a sqrt(N): 52.96605655205466
Norma del vettore g: 19.999999999999996
Strategy: mean_rev, portfolio variance: 1.7364057837943935e-12
Norma del vettore g non è uguale a sqrt(N): 52.96605655205466
Norma del vettore g: 19.999999999999996
Strategy: mean_rev, portfolio variance: 1.383703815932047e-06
Norma del vettore g non è uguale a sqrt(N): 52.96605655205466
Norma del vettore g: 19.999999999999996
Strategy: mean_rev, portfolio variance: 1.4736859079050661e-06
Norma del vettore g non è uguale a sqrt(N): 52.96605655205466
Norma del vettore g: 19.999999999999996
Strategy: mean_rev, portfolio variance: 0.0031456596221214285
Norma del vettore g non è uguale a sqrt(N): 52.96605655205466
Norma del vettore g: 19.999999999999996
Strategy: mean_rev, portfolio variance: 2.6078134765448506e-06
Norma del vettore g non è uguale a sqrt(N): 52.96605655205466
Norma del vettore g: 19.999999999999996
Strategy: mean_rev, portfolio variance: 2.7214156208609643e-06
Norma del vettore g: 19.999999999999996
Strategy: rnd     , portfolio variance: 7.199789744976394e-08
Norma del vettore g: 20.0
Strategy: rnd     , portfolio variance: 2.4988727302944532e-08
Norma del vettore g: 19.999999999999993
Strategy: rnd     , portfolio variance: 1.6736208533449603e-08
Norma del vettore g: 19.99999999999999
Strategy: rnd     , portfolio variance: 1.0844181826840835e-06
Norma del vettore g: 20.0
Strategy: rnd     , portfolio variance: 3.1721059196089164e-07
Norma del vettore g: 19.999999999999996
Strategy: rnd     , portfolio variance: 0.0012154935259948664
Norma del vettore g: 19.999999999999996
Strategy: rnd     , portfolio variance: 2.416646183829511e-07
Norma del vettore g: 20.0
Strategy: rnd     , portfolio variance: 2.995199615267621e-07
[==========================================================            ] 84.21%
Norma del vettore g: 20.0
Strategy: min_var , portfolio variance: 1.6647013008997374e-05
Norma del vettore g: 20.0
Strategy: min_var , portfolio variance: 5.942751522672939e-13
Norma del vettore g: 20.0
Strategy: min_var , portfolio variance: 6.276489728818799e-13
Norma del vettore g: 20.0
Strategy: min_var , portfolio variance: 1.1094011398029927e-06
Norma del vettore g: 20.0
Strategy: min_var , portfolio variance: 2.941870048862277e-05
Norma del vettore g: 20.0
Strategy: min_var , portfolio variance: 0.08896884315665682
Norma del vettore g: 20.0
Strategy: min_var , portfolio variance: 6.769248498033289e-05
Norma del vettore g: 20.0
Strategy: min_var , portfolio variance: 7.06228625938097e-05
Norma del vettore g non è uguale a sqrt(N): 42.7380252950515
Norma del vettore g: 20.000000000000007
Strategy: omn     , portfolio variance: 5.712105100719484e-07
Norma del vettore g non è uguale a sqrt(N): 42.7380252950515
Norma del vettore g: 20.000000000000007
Strategy: omn     , portfolio variance: 9.54427209360702e-12
Norma del vettore g non è uguale a sqrt(N): 42.7380252950515
Norma del vettore g: 20.000000000000007
Strategy: omn     , portfolio variance: 1.0220400734223299e-11
Norma del vettore g non è uguale a sqrt(N): 42.7380252950515
Norma del vettore g: 20.000000000000007
Strategy: omn     , portfolio variance: 1.215672985100706e-06
Norma del vettore g non è uguale a sqrt(N): 42.7380252950515
Norma del vettore g: 20.000000000000007
Strategy: omn     , portfolio variance: 9.751205556586428e-07
Norma del vettore g non è uguale a sqrt(N): 42.7380252950515
Norma del vettore g: 20.000000000000007
Strategy: omn     , portfolio variance: 0.0025173197902944675
Norma del vettore g non è uguale a sqrt(N): 42.7380252950515
Norma del vettore g: 20.000000000000007
Strategy: omn     , portfolio variance: 1.7069719986259832e-06
Norma del vettore g non è uguale a sqrt(N): 42.7380252950515
Norma del vettore g: 20.000000000000007
Strategy: omn     , portfolio variance: 1.567838618676117e-06
Norma del vettore g non è uguale a sqrt(N): 42.7380252950515
Norma del vettore g: 20.000000000000007
Strategy: mean_rev, portfolio variance: 5.712105100719484e-07
Norma del vettore g non è uguale a sqrt(N): 42.7380252950515
Norma del vettore g: 20.000000000000007
Strategy: mean_rev, portfolio variance: 9.54427209360702e-12
Norma del vettore g non è uguale a sqrt(N): 42.7380252950515
Norma del vettore g: 20.000000000000007
Strategy: mean_rev, portfolio variance: 1.0220400734223299e-11
Norma del vettore g non è uguale a sqrt(N): 42.7380252950515
Norma del vettore g: 20.000000000000007
Strategy: mean_rev, portfolio variance: 1.215672985100706e-06
Norma del vettore g non è uguale a sqrt(N): 42.7380252950515
Norma del vettore g: 20.000000000000007
Strategy: mean_rev, portfolio variance: 9.751205556586428e-07
Norma del vettore g non è uguale a sqrt(N): 42.7380252950515
Norma del vettore g: 20.000000000000007
Strategy: mean_rev, portfolio variance: 0.0025173197902944675
Norma del vettore g non è uguale a sqrt(N): 42.7380252950515
Norma del vettore g: 20.000000000000007
Strategy: mean_rev, portfolio variance: 1.7069719986259832e-06
Norma del vettore g non è uguale a sqrt(N): 42.7380252950515
Norma del vettore g: 20.000000000000007
Strategy: mean_rev, portfolio variance: 1.567838618676117e-06
Norma del vettore g: 20.0
Strategy: rnd     , portfolio variance: 1.0370411690367719e-07
Norma del vettore g: 20.0
Strategy: rnd     , portfolio variance: 6.352279631313327e-11
Norma del vettore g: 20.0
Strategy: rnd     , portfolio variance: 2.2947650963003844e-08
Norma del vettore g: 20.000000000000004
Strategy: rnd     , portfolio variance: 1.0613874753479663e-06
Norma del vettore g: 20.0
Strategy: rnd     , portfolio variance: 3.3407639278294307e-07
Norma del vettore g: 20.0
Strategy: rnd     , portfolio variance: 0.001057745168386004
Norma del vettore g: 20.0
Strategy: rnd     , portfolio variance: 3.314623545427599e-07
Norma del vettore g: 19.999999999999996
Strategy: rnd     , portfolio variance: 2.824253066996412e-07
[==============================================================        ] 89.47%
Norma del vettore g: 20.0
Strategy: min_var , portfolio variance: 1.9113949016398105e-05
Norma del vettore g: 20.0
Strategy: min_var , portfolio variance: 5.915859574299691e-13
Norma del vettore g: 20.0
Strategy: min_var , portfolio variance: 6.259747023588245e-13
Norma del vettore g: 20.0
Strategy: min_var , portfolio variance: 1.2414608726671522e-06
Norma del vettore g: 20.0
Strategy: min_var , portfolio variance: 3.450050166074081e-05
Norma del vettore g: 20.0
Strategy: min_var , portfolio variance: 0.10846027988731118
Norma del vettore g: 20.0
Strategy: min_var , portfolio variance: 7.879720880323635e-05
Norma del vettore g: 20.0
Strategy: min_var , portfolio variance: 8.259072098971195e-05
Norma del vettore g non è uguale a sqrt(N): 46.56785538040787
Norma del vettore g: 20.0
Strategy: omn     , portfolio variance: 7.150019160197297e-07
Norma del vettore g non è uguale a sqrt(N): 46.56785538040787
Norma del vettore g: 20.0
Strategy: omn     , portfolio variance: 6.652883199859564e-11
Norma del vettore g non è uguale a sqrt(N): 46.56785538040787
Norma del vettore g: 20.0
Strategy: omn     , portfolio variance: 7.243990572083662e-11
Norma del vettore g non è uguale a sqrt(N): 46.56785538040787
Norma del vettore g: 20.0
Strategy: omn     , portfolio variance: 1.7001117176802016e-06
Norma del vettore g non è uguale a sqrt(N): 46.56785538040787
Norma del vettore g: 20.0
Strategy: omn     , portfolio variance: 1.2403541397001318e-06
Norma del vettore g non è uguale a sqrt(N): 46.56785538040787
Norma del vettore g: 20.0
Strategy: omn     , portfolio variance: 0.0022956483778935888
Norma del vettore g non è uguale a sqrt(N): 46.56785538040787
Norma del vettore g: 20.0
Strategy: omn     , portfolio variance: 1.864698321077198e-06
Norma del vettore g non è uguale a sqrt(N): 46.56785538040787
Norma del vettore g: 20.0
Strategy: omn     , portfolio variance: 1.9083320681130974e-06
Norma del vettore g non è uguale a sqrt(N): 46.56785538040787
Norma del vettore g: 20.0
Strategy: mean_rev, portfolio variance: 7.150019160197297e-07
Norma del vettore g non è uguale a sqrt(N): 46.56785538040787
Norma del vettore g: 20.0
Strategy: mean_rev, portfolio variance: 6.652883199859564e-11
Norma del vettore g non è uguale a sqrt(N): 46.56785538040787
Norma del vettore g: 20.0
Strategy: mean_rev, portfolio variance: 7.243990572083662e-11
Norma del vettore g non è uguale a sqrt(N): 46.56785538040787
Norma del vettore g: 20.0
Strategy: mean_rev, portfolio variance: 1.7001117176802016e-06
Norma del vettore g non è uguale a sqrt(N): 46.56785538040787
Norma del vettore g: 20.0
Strategy: mean_rev, portfolio variance: 1.2403541397001318e-06
Norma del vettore g non è uguale a sqrt(N): 46.56785538040787
Norma del vettore g: 20.0
Strategy: mean_rev, portfolio variance: 0.0022956483778935888
Norma del vettore g non è uguale a sqrt(N): 46.56785538040787
Norma del vettore g: 20.0
Strategy: mean_rev, portfolio variance: 1.864698321077198e-06
Norma del vettore g non è uguale a sqrt(N): 46.56785538040787
Norma del vettore g: 20.0
Strategy: mean_rev, portfolio variance: 1.9083320681130974e-06
Norma del vettore g: 20.000000000000004
Strategy: rnd     , portfolio variance: 1.1196866664426188e-07
Norma del vettore g: 20.0
Strategy: rnd     , portfolio variance: 5.265465193315366e-10
Norma del vettore g: 20.000000000000007
Strategy: rnd     , portfolio variance: 1.821164539551114e-10
Norma del vettore g: 20.0
Strategy: rnd     , portfolio variance: 1.242847288582094e-06
Norma del vettore g: 20.000000000000007
Strategy: rnd     , portfolio variance: 3.800166483055628e-07
Norma del vettore g: 19.999999999999996
Strategy: rnd     , portfolio variance: 0.0010420179929242288
Norma del vettore g: 20.0
Strategy: rnd     , portfolio variance: 2.7968627952073176e-07
Norma del vettore g: 20.000000000000007
Strategy: rnd     , portfolio variance: 2.8745776928084903e-07
[==================================================================    ] 94.74%
Norma del vettore g: 20.0
Strategy: min_var , portfolio variance: 1.3089181253212308e-05
Norma del vettore g: 20.0
Strategy: min_var , portfolio variance: 7.823814995522759e-13
Norma del vettore g: 20.0
Strategy: min_var , portfolio variance: 8.062243954880406e-13
Norma del vettore g: 20.0
Strategy: min_var , portfolio variance: 7.523987604395953e-07
Norma del vettore g: 20.0
Strategy: min_var , portfolio variance: 2.1158389726398932e-05
Norma del vettore g: 20.0
Strategy: min_var , portfolio variance: 0.09579351987814652
Norma del vettore g: 20.0
Strategy: min_var , portfolio variance: 4.6957327303890606e-05
Norma del vettore g: 20.0
Strategy: min_var , portfolio variance: 4.906866802041307e-05
Norma del vettore g non è uguale a sqrt(N): 79.30833320318938
Norma del vettore g: 20.0
Strategy: omn     , portfolio variance: 1.3192517538146174e-06
Norma del vettore g non è uguale a sqrt(N): 79.30833320318938
Norma del vettore g: 20.0
Strategy: omn     , portfolio variance: 2.021950683093539e-12
Norma del vettore g non è uguale a sqrt(N): 79.30833320318938
Norma del vettore g: 20.0
Strategy: omn     , portfolio variance: 2.091350082407963e-12
Norma del vettore g non è uguale a sqrt(N): 79.30833320318938
Norma del vettore g: 20.0
Strategy: omn     , portfolio variance: 1.1711468946701671e-06
Norma del vettore g non è uguale a sqrt(N): 79.30833320318938
Norma del vettore g: 20.0
Strategy: omn     , portfolio variance: 2.0138107551229484e-06
Norma del vettore g non è uguale a sqrt(N): 79.30833320318938
Norma del vettore g: 20.0
Strategy: omn     , portfolio variance: 0.004824268134065411
Norma del vettore g non è uguale a sqrt(N): 79.30833320318938
Norma del vettore g: 20.0
Strategy: omn     , portfolio variance: 3.5642240878065337e-06
Norma del vettore g non è uguale a sqrt(N): 79.30833320318938
Norma del vettore g: 20.0
Strategy: omn     , portfolio variance: 3.5853495350234374e-06
Norma del vettore g non è uguale a sqrt(N): 79.30833320318938
Norma del vettore g: 20.0
Strategy: mean_rev, portfolio variance: 1.3192517538146174e-06
Norma del vettore g non è uguale a sqrt(N): 79.30833320318938
Norma del vettore g: 20.0
Strategy: mean_rev, portfolio variance: 2.021950683093539e-12
Norma del vettore g non è uguale a sqrt(N): 79.30833320318938
Norma del vettore g: 20.0
Strategy: mean_rev, portfolio variance: 2.091350082407963e-12
Norma del vettore g non è uguale a sqrt(N): 79.30833320318938
Norma del vettore g: 20.0
Strategy: mean_rev, portfolio variance: 1.1711468946701671e-06
Norma del vettore g non è uguale a sqrt(N): 79.30833320318938
Norma del vettore g: 20.0
Strategy: mean_rev, portfolio variance: 2.0138107551229484e-06
Norma del vettore g non è uguale a sqrt(N): 79.30833320318938
Norma del vettore g: 20.0
Strategy: mean_rev, portfolio variance: 0.004824268134065411
Norma del vettore g non è uguale a sqrt(N): 79.30833320318938
Norma del vettore g: 20.0
Strategy: mean_rev, portfolio variance: 3.5642240878065337e-06
Norma del vettore g non è uguale a sqrt(N): 79.30833320318938
Norma del vettore g: 20.0
Strategy: mean_rev, portfolio variance: 3.5853495350234374e-06
Norma del vettore g: 19.999999999999993
Strategy: rnd     , portfolio variance: 8.95258822704888e-08
Norma del vettore g: 20.0
Strategy: rnd     , portfolio variance: 1.887033882660566e-09
Norma del vettore g: 20.0
Strategy: rnd     , portfolio variance: 1.0338690012033575e-08
Norma del vettore g: 20.000000000000007
Strategy: rnd     , portfolio variance: 7.252693004625254e-07
Norma del vettore g: 20.000000000000004
Strategy: rnd     , portfolio variance: 2.683741934463512e-07
Norma del vettore g: 20.0
Strategy: rnd     , portfolio variance: 0.0011518229386079798
Norma del vettore g: 19.999999999999993
Strategy: rnd     , portfolio variance: 2.4127964154866106e-07
Norma del vettore g: 20.0
Strategy: rnd     , portfolio variance: 2.1547897185522851e-07

SUMMARY STATISTICS OVER ROLLING WINDOWS

STRATEGY |  METHOD |  MEAN VARIANCE       |  CV%
---------------------------------------------------
min_var  | Sample  | 3.96e-01 +/- 9.0e-02 | 22.7
min_var  | Rie     | 5.20e-01 +/- 3.3e-01 | 62.7
min_var  | IW      | 3.32e-01 +/- 1.1e-01 | 31.8
min_var  | Clipped | 3.25e-01 +/- 1.1e-01 | 33.7
min_var  | Shrunk  | 2.84e-01 +/- 8.5e-02 | 30.1
min_var  | Kendall | 2.00e+26 +/- 6.7e+26 | 335.1
min_var  | TMFG    | 2.69e-01 +/- 9.4e-02 | 35.0
min_var  | TMFG_MI | 2.74e-01 +/- 9.4e-02 | 34.3
---------------------------------------------------
omn      | Sample  | 1.03e-02 +/- 4.6e-03 | 44.6
omn      | Rie     | 8.18e+00 +/- 1.1e+01 | 135.6
omn      | IW      | 1.49e+01 +/- 3.0e+01 | 198.8
omn      | Clipped | 9.86e-02 +/- 9.2e-02 | 93.2
omn      | Shrunk  | 4.54e-03 +/- 1.9e-03 | 40.9
omn      | Kendall | 1.45e+03 +/- 6.0e+03 | 417.3
omn      | TMFG    | 5.03e-03 +/- 2.1e-03 | 42.5
omn      | TMFG_MI | 5.05e-03 +/- 2.0e-03 | 40.0
---------------------------------------------------
mean_rev | Sample  | 1.03e-02 +/- 4.6e-03 | 44.6
mean_rev | Rie     | 8.18e+00 +/- 1.1e+01 | 135.6
mean_rev | IW      | 1.49e+01 +/- 3.0e+01 | 198.8
mean_rev | Clipped | 9.86e-02 +/- 9.2e-02 | 93.2
mean_rev | Shrunk  | 4.54e-03 +/- 1.9e-03 | 40.9
mean_rev | Kendall | 1.45e+03 +/- 6.0e+03 | 417.3
mean_rev | TMFG    | 5.03e-03 +/- 2.1e-03 | 42.5
mean_rev | TMFG_MI | 5.05e-03 +/- 2.0e-03 | 40.0
---------------------------------------------------
rnd      | Sample  | 1.54e-03 +/- 1.4e-03 | 88.5
rnd      | Rie     | 1.74e+03 +/- 3.5e+03 | 204.4
rnd      | IW      | 2.06e+03 +/- 3.9e+03 | 188.0
rnd      | Clipped | 3.37e-03 +/- 2.7e-03 | 81.0
rnd      | Shrunk  | 1.37e-03 +/- 3.5e-04 | 25.7
rnd      | Kendall | 7.80e-04 +/- 5.8e-04 | 74.7
rnd      | TMFG    | 1.08e-03 +/- 9.7e-04 | 90.2
rnd      | TMFG_MI | 1.07e-03 +/- 9.4e-04 | 87.6
---------------------------------------------------
---------------------------------------------------
